Archive member included to satisfy reference by file (symbol)

.\CortexM3\ARM_GCC_541\Debug\emFile_Example.a(LCD.o)
                              .\CortexM3\ARM_GCC_541\Debug\main.o (LCD_WriteControl)
.\CortexM3\ARM_GCC_541\Debug\emFile_Example.a(CyLib.o)
                              .\CortexM3\ARM_GCC_541\Debug\Cm3Start.o (CyResetStatus)
.\CortexM3\ARM_GCC_541\Debug\emFile_Example.a(cyPm.o)
                              .\CortexM3\ARM_GCC_541\Debug\emFile_Example.a(CyLib.o) (CyPmReadStatus)
.\CortexM3\ARM_GCC_541\Debug\emFile_Example.a(CyBootAsmGnu.o)
                              .\CortexM3\ARM_GCC_541\Debug\cyfitter_cfg.o (CyDelayCycles)
.\CortexM3\ARM_GCC_541\Debug\emFile_Example.a(CyFlash.o)
                              .\CortexM3\ARM_GCC_541\Debug\emFile_Example.a(cyPm.o) (CyFlash_SetWaitCycles)
.\CortexM3\ARM_GCC_541\Debug\emFile_Example.a(CySpc.o)
                              .\CortexM3\ARM_GCC_541\Debug\emFile_Example.a(CyFlash.o) (CySpcStart)
.\emFile_V322c\LinkLibrary\PSoC5\GCC\libemf32nosnlfn.a(FAT_FormatSD.o)
                              .\CortexM3\ARM_GCC_541\Debug\main.o (FS_FormatSD)
.\emFile_V322c\LinkLibrary\PSoC5\GCC\libemf32nosnlfn.a(FAT_Misc.o)
                              .\emFile_V322c\LinkLibrary\PSoC5\GCC\libemf32nosnlfn.a(FAT_FormatSD.o) (FS_FAT_GetFATType)
.\emFile_V322c\LinkLibrary\PSoC5\GCC\libemf32nosnlfn.a(FAT_Open.o)
                              .\emFile_V322c\LinkLibrary\PSoC5\GCC\libemf32nosnlfn.a(FAT_Misc.o) (FS_FAT_InitDirEntryScan)
.\emFile_V322c\LinkLibrary\PSoC5\GCC\libemf32nosnlfn.a(FAT_Write.o)
                              .\emFile_V322c\LinkLibrary\PSoC5\GCC\libemf32nosnlfn.a(FAT_Misc.o) (FS_FAT_Close)
.\emFile_V322c\LinkLibrary\PSoC5\GCC\libemf32nosnlfn.a(FS_CLib.o)
                              .\emFile_V322c\LinkLibrary\PSoC5\GCC\libemf32nosnlfn.a(FAT_Open.o) (FS__CLIB_memcmp)
.\emFile_V322c\LinkLibrary\PSoC5\GCC\libemf32nosnlfn.a(FS_CopyFile.o)
                              .\CortexM3\ARM_GCC_541\Debug\main.o (FS_CopyFile)
.\emFile_V322c\LinkLibrary\PSoC5\GCC\libemf32nosnlfn.a(FS_Core.o)
                              .\emFile_V322c\LinkLibrary\PSoC5\GCC\libemf32nosnlfn.a(FAT_FormatSD.o) (FS__DivideU32Up)
.\emFile_V322c\LinkLibrary\PSoC5\GCC\libemf32nosnlfn.a(FS_Dir.o)
                              .\CortexM3\ARM_GCC_541\Debug\main.o (FS_MkDir)
.\emFile_V322c\LinkLibrary\PSoC5\GCC\libemf32nosnlfn.a(FS_GetFileSize.o)
                              .\emFile_V322c\LinkLibrary\PSoC5\GCC\libemf32nosnlfn.a(FS_CopyFile.o) (FS__GetFileSize)
.\emFile_V322c\LinkLibrary\PSoC5\GCC\libemf32nosnlfn.a(FS_LogBlock.o)
                              .\emFile_V322c\LinkLibrary\PSoC5\GCC\libemf32nosnlfn.a(FAT_FormatSD.o) (FS_LB_GetStatus)
.\emFile_V322c\LinkLibrary\PSoC5\GCC\libemf32nosnlfn.a(FS_memcpy.o)
                              .\emFile_V322c\LinkLibrary\PSoC5\GCC\libemf32nosnlfn.a(FAT_Open.o) (FS_memcpy)
.\emFile_V322c\LinkLibrary\PSoC5\GCC\libemf32nosnlfn.a(FS_Misc.o)
                              .\emFile_V322c\LinkLibrary\PSoC5\GCC\libemf32nosnlfn.a(FAT_FormatSD.o) (FS__AllocSectorBuffer)
.\emFile_V322c\LinkLibrary\PSoC5\GCC\libemf32nosnlfn.a(FS_Read.o)
                              .\emFile_V322c\LinkLibrary\PSoC5\GCC\libemf32nosnlfn.a(FS_CopyFile.o) (FS__Read)
.\emFile_V322c\LinkLibrary\PSoC5\GCC\libemf32nosnlfn.a(FS_SetEndOfFile.o)
                              .\emFile_V322c\LinkLibrary\PSoC5\GCC\libemf32nosnlfn.a(FS_CopyFile.o) (FS__SetEndOfFile)
.\emFile_V322c\LinkLibrary\PSoC5\GCC\libemf32nosnlfn.a(FS_Storage.o)
                              .\CortexM3\ARM_GCC_541\Debug\main.o (FS_GetVolumeName)
.\emFile_V322c\LinkLibrary\PSoC5\GCC\libemf32nosnlfn.a(FS_Time.o)
                              .\emFile_V322c\LinkLibrary\PSoC5\GCC\libemf32nosnlfn.a(FS_CopyFile.o) (FS__SetFileTimeEx)
.\emFile_V322c\LinkLibrary\PSoC5\GCC\libemf32nosnlfn.a(FS_Unmount.o)
                              .\emFile_V322c\LinkLibrary\PSoC5\GCC\libemf32nosnlfn.a(FS_Misc.o) (FS__UnmountForcedNL)
.\emFile_V322c\LinkLibrary\PSoC5\GCC\libemf32nosnlfn.a(FS_Volume.o)
                              .\emFile_V322c\LinkLibrary\PSoC5\GCC\libemf32nosnlfn.a(FAT_Misc.o) (FS__AutoMount)
.\emFile_V322c\LinkLibrary\PSoC5\GCC\libemf32nosnlfn.a(FS_Write.o)
                              .\emFile_V322c\LinkLibrary\PSoC5\GCC\libemf32nosnlfn.a(FS_CopyFile.o) (FS__Write)
.\emFile_V322c\LinkLibrary\PSoC5\GCC\libemf32nosnlfn.a(FAT_CheckDisk.o)
                              .\emFile_V322c\LinkLibrary\PSoC5\GCC\libemf32nosnlfn.a(FS_Volume.o) (FS_FAT__CheckDisk)
.\emFile_V322c\LinkLibrary\PSoC5\GCC\libemf32nosnlfn.a(FAT_Dir.o)
                              .\emFile_V322c\LinkLibrary\PSoC5\GCC\libemf32nosnlfn.a(FS_Dir.o) (FS_FAT_ReadDir)
.\emFile_V322c\LinkLibrary\PSoC5\GCC\libemf32nosnlfn.a(FAT_DirEntry.o)
                              .\emFile_V322c\LinkLibrary\PSoC5\GCC\libemf32nosnlfn.a(FAT_Misc.o) (FS_FAT_SetDirEntryInfo)
.\emFile_V322c\LinkLibrary\PSoC5\GCC\libemf32nosnlfn.a(FAT_DiskInfo.o)
[...]
Memory Configuration

Name             Origin             Length             Attributes
rom              0x00000000         0x00040000         xr
ram              0x1fff8000         0x00010000         xrw
*default*        0x00000000         0xffffffff

Linker script and memory map

LOAD c:/program files (x86)/cypress/psoc creator/4.2/psoc creator/import/gnu/arm/5.4.1/bin/../lib/gcc/arm-none-eabi/5.4.1/armv7-m/crti.o
LOAD c:/program files (x86)/cypress/psoc creator/4.2/psoc creator/import/gnu/arm/5.4.1/bin/../lib/gcc/arm-none-eabi/5.4.1/armv7-m/crtbegin.o
LOAD c:/program files (x86)/cypress/psoc creator/4.2/psoc creator/import/gnu/arm/5.4.1/bin/../lib/gcc/arm-none-eabi/5.4.1/../../../../arm-none-eabi/lib/armv7-m/crt0.o
START GROUP
LOAD .\CortexM3\ARM_GCC_541\Debug\main.o
LOAD .\CortexM3\ARM_GCC_541\Debug\cyfitter_cfg.o
LOAD .\CortexM3\ARM_GCC_541\Debug\cymetadata.o
LOAD .\CortexM3\ARM_GCC_541\Debug\Cm3Start.o
LOAD .\CortexM3\ARM_GCC_541\Debug\emFile_Example.a
LOAD C:\Program Files (x86)\Cypress\PSoC Creator\4.2\PSoC Creator\psoc\content\cycomponentlibrary\CyComponentLibrary.cylib\CortexM3\ARM_GCC_541\Debug\CyComponentLibrary.a
LOAD .\emFile_V322c\LinkLibrary\PSoC5\GCC\libemf32nosnlfn.a
END GROUP
START GROUP
LOAD c:/program files (x86)/cypress/psoc creator/4.2/psoc creator/import/gnu/arm/5.4.1/bin/../lib/gcc/arm-none-eabi/5.4.1/armv7-m\libgcc.a
LOAD c:/program files (x86)/cypress/psoc creator/4.2/psoc creator/import/gnu/arm/5.4.1/bin/../lib/gcc/arm-none-eabi/5.4.1/../../../../arm-none-eabi/lib/armv7-m\libg_nano.a
LOAD c:/program files (x86)/cypress/psoc creator/4.2/psoc creator/import/gnu/arm/5.4.1/bin/../lib/gcc/arm-none-eabi/5.4.1/../../../../arm-none-eabi/lib/armv7-m\libc_nano.a
END GROUP
START GROUP
LOAD c:/program files (x86)/cypress/psoc creator/4.2/psoc creator/import/gnu/arm/5.4.1/bin/../lib/gcc/arm-none-eabi/5.4.1/armv7-m\libgcc.a
LOAD c:/program files (x86)/cypress/psoc creator/4.2/psoc creator/import/gnu/arm/5.4.1/bin/../lib/gcc/arm-none-eabi/5.4.1/../../../../arm-none-eabi/lib/armv7-m\libc_nano.a
END GROUP
LOAD c:/program files (x86)/cypress/psoc creator/4.2/psoc creator/import/gnu/arm/5.4.1/bin/../lib/gcc/arm-none-eabi/5.4.1/armv7-m/crtend.o
LOAD c:/program files (x86)/cypress/psoc creator/4.2/psoc creator/import/gnu/arm/5.4.1/bin/../lib/gcc/arm-none-eabi/5.4.1/armv7-m/crtn.o
START GROUP
LOAD c:/program files (x86)/cypress/psoc creator/4.2/psoc creator/import/gnu/arm/5.4.1/bin/../lib/gcc/arm-none-eabi/5.4.1/armv7-m\libgcc.a
LOAD c:/program files (x86)/cypress/psoc creator/4.2/psoc creator/import/gnu/arm/5.4.1/bin/../lib/gcc/arm-none-eabi/5.4.1/../../../../arm-none-eabi/lib/armv7-m\libc.a
LOAD c:/program files (x86)/cypress/psoc creator/4.2/psoc creator/import/gnu/arm/5.4.1/bin/../lib/gcc/arm-none-eabi/5.4.1/../../../../arm-none-eabi/lib/armv7-m\libnosys.a
END GROUP
                0x00000000                CY_APPL_ORIGIN = 0x0
                0x00000100                CY_FLASH_ROW_SIZE = 0x100
                0x00000020                CY_ECC_ROW_SIZE = 0x20
                0x00000000                CY_EE_IN_BTLDR = 0x0
                0x00000000                CY_APPL_LOADABLE = 0x0
                0x00000800                CY_EE_SIZE = 0x800
                0x00000001                CY_APPL_NUM = 0x1
                0x00000001                CY_APPL_MAX = 0x1
                0x00000040                CY_METADATA_SIZE = 0x40
                0x00000000                CY_APPL_LOADABLE = 0x0
                0x00000000                CY_CHECKSUM_EXCLUDE_SIZE = ALIGN (0x0, CY_FLASH_ROW_SIZE)
                [!provide]                PROVIDE (__cy_heap_start, _end)
                0x00000001                PROVIDE (__cy_region_num, ((__cy_regions_end - __cy_regions) / 0x10))
                0x20008000                PROVIDE (__cy_stack, (ORIGIN (ram) + LENGTH (ram)))
                [!provide]                PROVIDE (__cy_heap_end, (__cy_stack - 0x800))

.cybootloader   0x00000000        0x0
 *(.cybootloader)
                0x00000000                appl1_start = CY_APPL_ORIGIN?CY_APPL_ORIGIN:ALIGN (CY_FLASH_ROW_SIZE)
                0x0001ff00                appl2_start = (appl1_start + ALIGN ((((LENGTH (rom) - appl1_start) - (0x2 * CY_FLASH_ROW_SIZE)) / 0x2), CY_FLASH_ROW_SIZE))
                0x00000000                appl_start = (CY_APPL_NUM == 0x1)?appl1_start:appl2_start
                0x00000000                ecc_offset = ((appl_start / CY_FLASH_ROW_SIZE) * CY_ECC_ROW_SIZE)
                0x00000000                ee_offset = (CY_APPL_LOADABLE && ! (CY_EE_IN_BTLDR))?((CY_EE_SIZE / CY_APPL_MAX) * (CY_APPL_NUM - 0x1)):0x0
                0x00000800                ee_size = (CY_APPL_LOADABLE && ! (CY_EE_IN_BTLDR))?(CY_EE_SIZE / CY_APPL_MAX):CY_EE_SIZE
                [!provide]                PROVIDE (CY_ECC_OFFSET, ecc_offset)

.text           0x00000000     0x7330
 CREATE_OBJECT_SYMBOLS
                0x00000000                PROVIDE (__cy_interrupt_vector, RomVectors)
 *(.romvectors)
 .romvectors    0x00000000       0x10 .\CortexM3\ARM_GCC_541\Debug\Cm3Start.o
                0x00000000                RomVectors
                0x00000001                ASSERT ((. != __cy_interrupt_vector), No interrupt vector)
                0x00000001                ASSERT (CY_APPL_ORIGIN?(SIZEOF (.cybootloader) <= CY_APPL_ORIGIN):0x1, Wrong image location)
                0x00000010                PROVIDE (__cy_reset, Reset)
 *(.text.Reset)
 .text.Reset    0x00000010       0x18 .\CortexM3\ARM_GCC_541\Debug\Cm3Start.o
                0x00000010                Reset
                0x00000001                ASSERT ((. != __cy_reset), No reset code)
 *(.dma_init)
 .dma_init      0x00000028      0x138 .\CortexM3\ARM_GCC_541\Debug\cyfitter_cfg.o
                0x00000001                ASSERT ((((appl_start + .) <= 0x10000) || 0x0), DMA Init must be within the first 64k of flash)
 *(.text .text.* .gnu.linkonce.t.*)
 .text          0x00000160       0x5c c:/program files (x86)/cypress/psoc creator/4.2/psoc creator/import/gnu/arm/5.4.1/bin/../lib/gcc/arm-none-eabi/5.4.1/armv7-m/crtbegin.o
 .text.NextStep
                0x000001bc       0x50 .\CortexM3\ARM_GCC_541\Debug\main.o
                0x000001bc                NextStep
 .text.main     0x0000020c      0x2fc .\CortexM3\ARM_GCC_541\Debug\main.o
                0x0000020c                main
 .text.CYCONFIGCPY
                0x00000508       0x20 .\CortexM3\ARM_GCC_541\Debug\cyfitter_cfg.o
 .text.CyClockStartupError
                0x00000528        0xc .\CortexM3\ARM_GCC_541\Debug\cyfitter_cfg.o
 .text.cfg_dma_init
                0x00000534      0x174 .\CortexM3\ARM_GCC_541\Debug\cyfitter_cfg.o
 .text.ClockSetup
                0x000006a8      0x160 .\CortexM3\ARM_GCC_541\Debug\cyfitter_cfg.o
 .text.AnalogSetDefault
                0x00000808       0x44 .\CortexM3\ARM_GCC_541\Debug\cyfitter_cfg.o
 .text.cyfitter_cfg
                0x0000084c       0xec .\CortexM3\ARM_GCC_541\Debug\cyfitter_cfg.o
                0x0000084c                cyfitter_cfg
 .text.IntDefaultHandler
                0x00000938       0x14 .\CortexM3\ARM_GCC_541\Debug\Cm3Start.o
                0x00000938                IntDefaultHandler
 .text._sbrk    0x0000094c       0x50 .\CortexM3\ARM_GCC_541\Debug\Cm3Start.o
                0x0000094c                _sbrk
 .text.Start_c  0x0000099c       0x98 .\CortexM3\ARM_GCC_541\Debug\Cm3Start.o
                0x0000099c                Start_c
 .text.initialize_psoc
                0x00000a34       0x90 .\CortexM3\ARM_GCC_541\Debug\Cm3Start.o
                0x00000a34                initialize_psoc
 .text.LCD_Init
                0x00000ac4       0x70 .\CortexM3\ARM_GCC_541\Debug\emFile_Example.a(LCD.o)
                0x00000ac4                LCD_Init
 .text.LCD_Enable
                0x00000b34       0x18 .\CortexM3\ARM_GCC_541\Debug\emFile_Example.a(LCD.o)
                0x00000b34                LCD_Enable
 .text.LCD_Start
                0x00000b4c       0x24 .\CortexM3\ARM_GCC_541\Debug\emFile_Example.a(LCD.o)
                0x00000b4c                LCD_Start
 .text.LCD_Position
                0x00000b70       0x70 .\CortexM3\ARM_GCC_541\Debug\emFile_Example.a(LCD.o)
                0x00000b70                LCD_Position
 .text.LCD_PrintString
                0x00000be0       0x3c .\CortexM3\ARM_GCC_541\Debug\emFile_Example.a(LCD.o)
                0x00000be0                LCD_PrintString
 .text.LCD_WriteData
                0x00000c1c       0x34 .\CortexM3\ARM_GCC_541\Debug\emFile_Example.a(LCD.o)
                0x00000c1c                LCD_WriteData
 .text.LCD_WriteControl
                0x00000c50       0x34 .\CortexM3\ARM_GCC_541\Debug\emFile_Example.a(LCD.o)
                0x00000c50                LCD_WriteControl
 .text.LCD_IsReady
                0x00000c84      0x178 .\CortexM3\ARM_GCC_541\Debug\emFile_Example.a(LCD.o)
                0x00000c84                LCD_IsReady
 .text.LCD_WrDatNib
                0x00000dfc       0x78 .\CortexM3\ARM_GCC_541\Debug\emFile_Example.a(LCD.o)
 .text.LCD_WrCntrlNib
                0x00000e74       0x64 .\CortexM3\ARM_GCC_541\Debug\emFile_Example.a(LCD.o)
 .text.LCD_PrintU32Number
                0x00000ed8       0xa4 .\CortexM3\ARM_GCC_541\Debug\emFile_Example.a(LCD.o)
                0x00000ed8                LCD_PrintU32Number
 .text.CyDelay  0x00000f7c       0x44 .\CortexM3\ARM_GCC_541\Debug\emFile_Example.a(CyLib.o)
                0x00000f7c                CyDelay
 .text.CyDelayUs
                0x00000fc0       0x28 .\CortexM3\ARM_GCC_541\Debug\emFile_Example.a(CyLib.o)
                0x00000fc0                CyDelayUs
 .text          0x00000fe8       0x20 .\CortexM3\ARM_GCC_541\Debug\emFile_Example.a(CyBootAsmGnu.o)
                0x00000fe8                CyDelayCycles
                0x00000ff8                CyEnterCriticalSection
                0x00001000                CyExitCriticalSection
 .text.FS__SD_Format
                0x00001008      0x26c .\emFile_V322c\LinkLibrary\PSoC5\GCC\libemf32nosnlfn.a(FAT_FormatSD.o)
                0x00001008                FS__SD_Format
 .text.FS_FormatSD
                0x00001274       0x10 .\emFile_V322c\LinkLibrary\PSoC5\GCC\libemf32nosnlfn.a(FAT_FormatSD.o)
                0x00001274                FS_FormatSD
 .text._ClusterId2FATOff
                0x00001284       0x18 .\emFile_V322c\LinkLibrary\PSoC5\GCC\libemf32nosnlfn.a(FAT_Misc.o)
 .text._CalcLogClusterPos
                0x0000129c        0xe .\emFile_V322c\LinkLibrary\PSoC5\GCC\libemf32nosnlfn.a(FAT_Misc.o)
 .text._ReadFromFreeClusterCache
                0x000012aa       0x46 .\emFile_V322c\LinkLibrary\PSoC5\GCC\libemf32nosnlfn.a(FAT_Misc.o)
 .text.FS_FAT_GetFATType
                0x000012f0       0x1a .\emFile_V322c\LinkLibrary\PSoC5\GCC\libemf32nosnlfn.a(FAT_Misc.o)
                0x000012f0                FS_FAT_GetFATType
 .text.FS_FAT_ClusterId2SectorNo
                0x0000130a        0xc .\emFile_V322c\LinkLibrary\PSoC5\GCC\libemf32nosnlfn.a(FAT_Misc.o)
                0x0000130a                FS_FAT_ClusterId2SectorNo
 .text.FS_FAT_IsValidShortNameChar
                0x00001316       0x34 .\emFile_V322c\LinkLibrary\PSoC5\GCC\libemf32nosnlfn.a(FAT_Misc.o)
                0x00001316                FS_FAT_IsValidShortNameChar
 .text.FS_FAT_CopyShortName
                0x0000134a       0x56 .\emFile_V322c\LinkLibrary\PSoC5\GCC\libemf32nosnlfn.a(FAT_Misc.o)
                0x0000134a                FS_FAT_CopyShortName
 .text._SFN_CreateDirEntry
                0x000013a0       0x5a .\emFile_V322c\LinkLibrary\PSoC5\GCC\libemf32nosnlfn.a(FAT_Misc.o)
 .text._SFN_FindDirEntry
                0x000013fa       0x10 .\emFile_V322c\LinkLibrary\PSoC5\GCC\libemf32nosnlfn.a(FAT_Misc.o)
 *fill*         0x0000140a        0x2 
 .text.FS_FAT_FindDirEntry
                0x0000140c       0x60 .\emFile_V322c\LinkLibrary\PSoC5\GCC\libemf32nosnlfn.a(FAT_Misc.o)
                0x0000140c                FS_FAT_FindDirEntry
 .text.FS_FAT_CopyDirEntryInfo
                0x0000146c       0x50 .\emFile_V322c\LinkLibrary\PSoC5\GCC\libemf32nosnlfn.a(FAT_Misc.o)
                0x0000146c                FS_FAT_CopyDirEntryInfo
 .text._SFN_ReadDirEntryInfo
                0x000014bc       0x6e .\emFile_V322c\LinkLibrary\PSoC5\GCC\libemf32nosnlfn.a(FAT_Misc.o)
 .text._SetFATSector
                0x0000152a        0x6 .\emFile_V322c\LinkLibrary\PSoC5\GCC\libemf32nosnlfn.a(FAT_Misc.o)
 .text.FS_FAT_ReadFATEntry
                0x00001530       0xb2 .\emFile_V322c\LinkLibrary\PSoC5\GCC\libemf32nosnlfn.a(FAT_Misc.o)
                0x00001530                FS_FAT_ReadFATEntry
 *fill*         0x000015e2        0x2 
 .text.FS_FAT_GetNumAdjClustersInChain
                0x000015e4       0x64 .\emFile_V322c\LinkLibrary\PSoC5\GCC\libemf32nosnlfn.a(FAT_Misc.o)
                0x000015e4                FS_FAT_GetNumAdjClustersInChain
 .text.FS_FAT_WalkClusterEx
                0x00001648       0x5c .\emFile_V322c\LinkLibrary\PSoC5\GCC\libemf32nosnlfn.a(FAT_Misc.o)
                0x00001648                FS_FAT_WalkClusterEx
 .text.FS_FAT_GotoCluster
                0x000016a4       0x88 .\emFile_V322c\LinkLibrary\PSoC5\GCC\libemf32nosnlfn.a(FAT_Misc.o)
                0x000016a4                FS_FAT_GotoCluster
 .text.FS_FAT_WalkCluster
                0x0000172c       0x18 .\emFile_V322c\LinkLibrary\PSoC5\GCC\libemf32nosnlfn.a(FAT_Misc.o)
                0x0000172c                FS_FAT_WalkCluster
 .text.FS_FAT_FindLastCluster
                0x00001744       0x34 .\emFile_V322c\LinkLibrary\PSoC5\GCC\libemf32nosnlfn.a(FAT_Misc.o)
                0x00001744                FS_FAT_FindLastCluster
 .text._WriteFATEntry
                0x00001778      0x18e .\emFile_V322c\LinkLibrary\PSoC5\GCC\libemf32nosnlfn.a(FAT_Misc.o)
 .text.FS_FAT_MarkClusterEOC
                0x00001906        0x8 .\emFile_V322c\LinkLibrary\PSoC5\GCC\libemf32nosnlfn.a(FAT_Misc.o)
                0x00001906                FS_FAT_MarkClusterEOC
 .text.FS_FAT_SyncFAT
                0x0000190e       0x3c .\emFile_V322c\LinkLibrary\PSoC5\GCC\libemf32nosnlfn.a(FAT_Misc.o)
                0x0000190e                FS_FAT_SyncFAT
 .text.FS_FAT_LinkCluster
                0x0000194a       0x1c .\emFile_V322c\LinkLibrary\PSoC5\GCC\libemf32nosnlfn.a(FAT_Misc.o)
                0x0000194a                FS_FAT_LinkCluster
 *fill*         0x00001966        0x2 
 .text._CalcFreeClusterCnt
                0x00001968       0x88 .\emFile_V322c\LinkLibrary\PSoC5\GCC\libemf32nosnlfn.a(FAT_Misc.o)
 .text.FS_FAT_FindFreeCluster
                0x000019f0       0xa8 .\emFile_V322c\LinkLibrary\PSoC5\GCC\libemf32nosnlfn.a(FAT_Misc.o)
                0x000019f0                FS_FAT_FindFreeCluster
 .text.FS_FAT_AllocCluster
                0x00001a98       0x20 .\emFile_V322c\LinkLibrary\PSoC5\GCC\libemf32nosnlfn.a(FAT_Misc.o)
                0x00001a98                FS_FAT_AllocCluster
 .text._WriteEmptyFATSectors
                0x00001ab8       0x3c .\emFile_V322c\LinkLibrary\PSoC5\GCC\libemf32nosnlfn.a(FAT_Misc.o)
 .text.FS_FAT_FreeClusterChain
                0x00001af4       0xe0 .\emFile_V322c\LinkLibrary\PSoC5\GCC\libemf32nosnlfn.a(FAT_Misc.o)
                0x00001af4                FS_FAT_FreeClusterChain
 .text.FS_FAT_CheckBPB
                0x00001bd4      0x1cc .\emFile_V322c\LinkLibrary\PSoC5\GCC\libemf32nosnlfn.a(FAT_Misc.o)
                0x00001bd4                FS_FAT_CheckBPB
 .text.FS_FAT_InitDirEntryScan
                0x00001da0       0x14 .\emFile_V322c\LinkLibrary\PSoC5\GCC\libemf32nosnlfn.a(FAT_Open.o)
                0x00001da0                FS_FAT_InitDirEntryScan
 .text.FS_FAT_IncDirPos
                0x00001db4        0x8 .\emFile_V322c\LinkLibrary\PSoC5\GCC\libemf32nosnlfn.a(FAT_Open.o)
                0x00001db4                FS_FAT_IncDirPos
 .text._CopyDirText
                0x00001dbc       0x44 .\emFile_V322c\LinkLibrary\PSoC5\GCC\libemf32nosnlfn.a(FAT_Open.o)
 .text.FS_FAT_Make83Name
                0x00001e00       0xb0 .\emFile_V322c\LinkLibrary\PSoC5\GCC\libemf32nosnlfn.a(FAT_Open.o)
                0x00001e00                FS_FAT_Make83Name
 .text.FS_FAT_GetDirEntry
                0x00001eb0       0xb2 .\emFile_V322c\LinkLibrary\PSoC5\GCC\libemf32nosnlfn.a(FAT_Open.o)
                0x00001eb0                FS_FAT_GetDirEntry
 .text.FS_FAT_FindDirEntryShortEx
                0x00001f62       0x5a .\emFile_V322c\LinkLibrary\PSoC5\GCC\libemf32nosnlfn.a(FAT_Open.o)
                0x00001f62                FS_FAT_FindDirEntryShortEx
 .text.FS_FAT_FindDirEntryShort
                0x00001fbc       0x36 .\emFile_V322c\LinkLibrary\PSoC5\GCC\libemf32nosnlfn.a(FAT_Open.o)
                0x00001fbc                FS_FAT_FindDirEntryShort
 .text.FS_FAT_FindEmptyDirEntry
                0x00001ff2       0xb0 .\emFile_V322c\LinkLibrary\PSoC5\GCC\libemf32nosnlfn.a(FAT_Open.o)
                0x00001ff2                FS_FAT_FindEmptyDirEntry
 .text.FS_FAT_GetFirstCluster
                0x000020a2       0x1a .\emFile_V322c\LinkLibrary\PSoC5\GCC\libemf32nosnlfn.a(FAT_Open.o)
                0x000020a2                FS_FAT_GetFirstCluster
 .text.FS_FAT_FindPath
                0x000020bc       0x7a .\emFile_V322c\LinkLibrary\PSoC5\GCC\libemf32nosnlfn.a(FAT_Open.o)
                0x000020bc                FS_FAT_FindPath
 .text.FS_FAT_DeleteFileOrDir
                0x00002136       0x48 .\emFile_V322c\LinkLibrary\PSoC5\GCC\libemf32nosnlfn.a(FAT_Open.o)
                0x00002136                FS_FAT_DeleteFileOrDir
 *fill*         0x0000217e        0x2 
 .text.FS_FAT_Open
                0x00002180      0x1dc .\emFile_V322c\LinkLibrary\PSoC5\GCC\libemf32nosnlfn.a(FAT_Open.o)
                0x00002180                FS_FAT_Open
 .text.FS_FAT_WriteDirEntryCluster
                0x0000235c       0x1c .\emFile_V322c\LinkLibrary\PSoC5\GCC\libemf32nosnlfn.a(FAT_Open.o)
                0x0000235c                FS_FAT_WriteDirEntryCluster
 .text.FS_FAT_WriteDirEntry83
                0x00002378       0x6c .\emFile_V322c\LinkLibrary\PSoC5\GCC\libemf32nosnlfn.a(FAT_Open.o)
                0x00002378                FS_FAT_WriteDirEntry83
 .text._WriteBurst
                0x000023e4       0x24 .\emFile_V322c\LinkLibrary\PSoC5\GCC\libemf32nosnlfn.a(FAT_Write.o)
 .text.FS_FAT_GotoClusterAllocIfReq
                0x00002408       0xa8 .\emFile_V322c\LinkLibrary\PSoC5\GCC\libemf32nosnlfn.a(FAT_Write.o)
                0x00002408                FS_FAT_GotoClusterAllocIfReq
 .text.FS_FAT_UpdateDirEntry
                0x000024b0       0x68 .\emFile_V322c\LinkLibrary\PSoC5\GCC\libemf32nosnlfn.a(FAT_Write.o)
                0x000024b0                FS_FAT_UpdateDirEntry
 .text.FS_FAT_Close
                0x00002518       0x44 .\emFile_V322c\LinkLibrary\PSoC5\GCC\libemf32nosnlfn.a(FAT_Write.o)
                0x00002518                FS_FAT_Close
 .text.FS_FAT_Write
                0x0000255c      0x1c8 .\emFile_V322c\LinkLibrary\PSoC5\GCC\libemf32nosnlfn.a(FAT_Write.o)
                0x0000255c                FS_FAT_Write
 .text.FS__CLIB_memcmp
                0x00002724       0x20 .\emFile_V322c\LinkLibrary\PSoC5\GCC\libemf32nosnlfn.a(FS_CLib.o)
                0x00002724                FS__CLIB_memcmp
 .text.FS__CLIB_memset
                0x00002744       0x6c .\emFile_V322c\LinkLibrary\PSoC5\GCC\libemf32nosnlfn.a(FS_CLib.o)
                0x00002744                FS__CLIB_memset
 .text.FS__CLIB_strcmp
                0x000027b0       0x1a .\emFile_V322c\LinkLibrary\PSoC5\GCC\libemf32nosnlfn.a(FS_CLib.o)
                0x000027b0                FS__CLIB_strcmp
 .text.FS__CLIB_strlen
                0x000027ca       0x10 .\emFile_V322c\LinkLibrary\PSoC5\GCC\libemf32nosnlfn.a(FS_CLib.o)
                0x000027ca                FS__CLIB_strlen
 .text.FS__CLIB_strncmp
                0x000027da       0x26 .\emFile_V322c\LinkLibrary\PSoC5\GCC\libemf32nosnlfn.a(FS_CLib.o)
                0x000027da                FS__CLIB_strncmp
 .text.FS__CLIB_strncpy
                0x00002800       0x2e .\emFile_V322c\LinkLibrary\PSoC5\GCC\libemf32nosnlfn.a(FS_CLib.o)
                0x00002800                FS__CLIB_strncpy
 .text.FS__CLIB_toupper
                0x0000282e        0xe .\emFile_V322c\LinkLibrary\PSoC5\GCC\libemf32nosnlfn.a(FS_CLib.o)
                0x0000282e                FS__CLIB_toupper
 .text.FS__CopyFile
                0x0000283c       0xd6 .\emFile_V322c\LinkLibrary\PSoC5\GCC\libemf32nosnlfn.a(FS_CopyFile.o)
                0x0000283c                FS__CopyFile
 .text.FS_CopyFile
                0x00002912        0x4 .\emFile_V322c\LinkLibrary\PSoC5\GCC\libemf32nosnlfn.a(FS_CopyFile.o)
                0x00002912                FS_CopyFile
 .text.FS__DivideU32Up
                0x00002916        0xa .\emFile_V322c\LinkLibrary\PSoC5\GCC\libemf32nosnlfn.a(FS_Core.o)
                0x00002916                FS__DivideU32Up
 .text.FS__strchr
                0x00002920       0x14 .\emFile_V322c\LinkLibrary\PSoC5\GCC\libemf32nosnlfn.a(FS_Core.o)
                0x00002920                FS__strchr
 .text.FS_LoadU32BE
                0x00002934       0x18 .\emFile_V322c\LinkLibrary\PSoC5\GCC\libemf32nosnlfn.a(FS_Core.o)
                0x00002934                FS_LoadU32BE
 .text.FS_LoadU32LE
                0x0000294c       0x16 .\emFile_V322c\LinkLibrary\PSoC5\GCC\libemf32nosnlfn.a(FS_Core.o)
                0x0000294c                FS_LoadU32LE
 .text.FS_StoreU32LE
                0x00002962       0x14 .\emFile_V322c\LinkLibrary\PSoC5\GCC\libemf32nosnlfn.a(FS_Core.o)
                0x00002962                FS_StoreU32LE
 .text.FS_StoreU16LE
                0x00002976        0x8 .\emFile_V322c\LinkLibrary\PSoC5\GCC\libemf32nosnlfn.a(FS_Core.o)
                0x00002976                FS_StoreU16LE
 .text.FS_LoadU16LE
                0x0000297e        0xa .\emFile_V322c\LinkLibrary\PSoC5\GCC\libemf32nosnlfn.a(FS_Core.o)
                0x0000297e                FS_LoadU16LE
 .text._Alloc   0x00002988       0x30 .\emFile_V322c\LinkLibrary\PSoC5\GCC\libemf32nosnlfn.a(FS_Core.o)
 .text.FS_Alloc
                0x000029b8        0xc .\emFile_V322c\LinkLibrary\PSoC5\GCC\libemf32nosnlfn.a(FS_Core.o)
                0x000029b8                FS_Alloc
 .text.FS_TryAlloc
                0x000029c4        0x4 .\emFile_V322c\LinkLibrary\PSoC5\GCC\libemf32nosnlfn.a(FS_Core.o)
                0x000029c4                FS_TryAlloc
 .text.FS_Free  0x000029c8       0x1c .\emFile_V322c\LinkLibrary\PSoC5\GCC\libemf32nosnlfn.a(FS_Core.o)
                0x000029c8                FS_Free
 .text.FS_AssignMemory
                0x000029e4        0xc .\emFile_V322c\LinkLibrary\PSoC5\GCC\libemf32nosnlfn.a(FS_Core.o)
                0x000029e4                FS_AssignMemory
 .text.FS_AllocZeroed
                0x000029f0       0x16 .\emFile_V322c\LinkLibrary\PSoC5\GCC\libemf32nosnlfn.a(FS_Core.o)
                0x000029f0                FS_AllocZeroed
 *fill*         0x00002a06        0x2 
 .text.FS_STORAGE_Init
                0x00002a08       0x28 .\emFile_V322c\LinkLibrary\PSoC5\GCC\libemf32nosnlfn.a(FS_Core.o)
                0x00002a08                FS_STORAGE_Init
 .text.FS__MkDir
                0x00002a30       0x24 .\emFile_V322c\LinkLibrary\PSoC5\GCC\libemf32nosnlfn.a(FS_Dir.o)
                0x00002a30                FS__MkDir
 .text.FS_MkDir
                0x00002a54        0x4 .\emFile_V322c\LinkLibrary\PSoC5\GCC\libemf32nosnlfn.a(FS_Dir.o)
                0x00002a54                FS_MkDir
 .text.FS__GetFileSize
                0x00002a58        0xc .\emFile_V322c\LinkLibrary\PSoC5\GCC\libemf32nosnlfn.a(FS_GetFileSize.o)
                0x00002a58                FS__GetFileSize
 .text._ClrBusyLED
                0x00002a64        0xc .\emFile_V322c\LinkLibrary\PSoC5\GCC\libemf32nosnlfn.a(FS_LogBlock.o)
 .text._SetBusyLED
                0x00002a70        0xc .\emFile_V322c\LinkLibrary\PSoC5\GCC\libemf32nosnlfn.a(FS_LogBlock.o)
 .text._Read    0x00002a7c        0xc .\emFile_V322c\LinkLibrary\PSoC5\GCC\libemf32nosnlfn.a(FS_LogBlock.o)
 .text._Write   0x00002a88       0x12 .\emFile_V322c\LinkLibrary\PSoC5\GCC\libemf32nosnlfn.a(FS_LogBlock.o)
 .text.FS_LB_GetStatus
                0x00002a9a        0xc .\emFile_V322c\LinkLibrary\PSoC5\GCC\libemf32nosnlfn.a(FS_LogBlock.o)
                0x00002a9a                FS_LB_GetStatus
 .text.FS_LB_InitMedium
                0x00002aa6       0x1a .\emFile_V322c\LinkLibrary\PSoC5\GCC\libemf32nosnlfn.a(FS_LogBlock.o)
                0x00002aa6                FS_LB_InitMedium
 .text.FS_LB_InitMediumIfRequired
                0x00002ac0       0x10 .\emFile_V322c\LinkLibrary\PSoC5\GCC\libemf32nosnlfn.a(FS_LogBlock.o)
                0x00002ac0                FS_LB_InitMediumIfRequired
 .text.FS_LB_ReadDevice
                0x00002ad0       0x2e .\emFile_V322c\LinkLibrary\PSoC5\GCC\libemf32nosnlfn.a(FS_LogBlock.o)
                0x00002ad0                FS_LB_ReadDevice
 .text.FS_LB_ReadPart
                0x00002afe        0xe .\emFile_V322c\LinkLibrary\PSoC5\GCC\libemf32nosnlfn.a(FS_LogBlock.o)
                0x00002afe                FS_LB_ReadPart
 .text.FS_LB_ReadBurst
                0x00002b0c       0x38 .\emFile_V322c\LinkLibrary\PSoC5\GCC\libemf32nosnlfn.a(FS_LogBlock.o)
                0x00002b0c                FS_LB_ReadBurst
 .text.FS_LB_ReadBurstPart
                0x00002b44       0x14 .\emFile_V322c\LinkLibrary\PSoC5\GCC\libemf32nosnlfn.a(FS_LogBlock.o)
                0x00002b44                FS_LB_ReadBurstPart
 .text.FS_LB_WriteBurst
                0x00002b58       0x30 .\emFile_V322c\LinkLibrary\PSoC5\GCC\libemf32nosnlfn.a(FS_LogBlock.o)
                0x00002b58                FS_LB_WriteBurst
 .text.FS_LB_WriteBurstPart
                0x00002b88       0x14 .\emFile_V322c\LinkLibrary\PSoC5\GCC\libemf32nosnlfn.a(FS_LogBlock.o)
                0x00002b88                FS_LB_WriteBurstPart
 .text.FS_LB_WriteMultiple
                0x00002b9c       0x30 .\emFile_V322c\LinkLibrary\PSoC5\GCC\libemf32nosnlfn.a(FS_LogBlock.o)
                0x00002b9c                FS_LB_WriteMultiple
 .text.FS_LB_WriteMultiplePart
                0x00002bcc       0x14 .\emFile_V322c\LinkLibrary\PSoC5\GCC\libemf32nosnlfn.a(FS_LogBlock.o)
                0x00002bcc                FS_LB_WriteMultiplePart
 .text.FS_LB_WriteDevice
                0x00002be0       0x36 .\emFile_V322c\LinkLibrary\PSoC5\GCC\libemf32nosnlfn.a(FS_LogBlock.o)
                0x00002be0                FS_LB_WriteDevice
 .text.FS_LB_WritePart
                0x00002c16        0xe .\emFile_V322c\LinkLibrary\PSoC5\GCC\libemf32nosnlfn.a(FS_LogBlock.o)
                0x00002c16                FS_LB_WritePart
 .text.FS_GetSectorSize
                0x00002c24       0x28 .\emFile_V322c\LinkLibrary\PSoC5\GCC\libemf32nosnlfn.a(FS_LogBlock.o)
                0x00002c24                FS_GetSectorSize
 .text.FS_LB_GetDeviceInfo
                0x00002c4c       0x26 .\emFile_V322c\LinkLibrary\PSoC5\GCC\libemf32nosnlfn.a(FS_LogBlock.o)
                0x00002c4c                FS_LB_GetDeviceInfo
 .text.FS_memcpy
                0x00002c72      0x120 .\emFile_V322c\LinkLibrary\PSoC5\GCC\libemf32nosnlfn.a(FS_memcpy.o)
                0x00002c72                FS_memcpy
 *fill*         0x00002d92        0x2 
 .text.FS__AllocSectorBuffer
                0x00002d94       0x2c .\emFile_V322c\LinkLibrary\PSoC5\GCC\libemf32nosnlfn.a(FS_Misc.o)
                0x00002d94                FS__AllocSectorBuffer
 .text.FS__FreeSectorBuffer
                0x00002dc0       0x28 .\emFile_V322c\LinkLibrary\PSoC5\GCC\libemf32nosnlfn.a(FS_Misc.o)
                0x00002dc0                FS__FreeSectorBuffer
 .text.FS__SB_MarkDirty
                0x00002de8        0x6 .\emFile_V322c\LinkLibrary\PSoC5\GCC\libemf32nosnlfn.a(FS_Misc.o)
                0x00002de8                FS__SB_MarkDirty
 .text.FS__SB_MarkNotDirty
                0x00002dee        0x6 .\emFile_V322c\LinkLibrary\PSoC5\GCC\libemf32nosnlfn.a(FS_Misc.o)
                0x00002dee                FS__SB_MarkNotDirty
 .text.FS__FreeFileHandle
                0x00002df4        0xa .\emFile_V322c\LinkLibrary\PSoC5\GCC\libemf32nosnlfn.a(FS_Misc.o)
                0x00002df4                FS__FreeFileHandle
 .text.FS__FreeFileObj
                0x00002dfe        0xc .\emFile_V322c\LinkLibrary\PSoC5\GCC\libemf32nosnlfn.a(FS_Misc.o)
                0x00002dfe                FS__FreeFileObj
 .text.FS__FSeek
                0x00002e0a       0x42 .\emFile_V322c\LinkLibrary\PSoC5\GCC\libemf32nosnlfn.a(FS_Misc.o)
                0x00002e0a                FS__FSeek
 .text.FS_Init  0x00002e4c       0x58 .\emFile_V322c\LinkLibrary\PSoC5\GCC\libemf32nosnlfn.a(FS_Misc.o)
                0x00002e4c                FS_Init
 .text.FS__SB_Create
                0x00002ea4       0x28 .\emFile_V322c\LinkLibrary\PSoC5\GCC\libemf32nosnlfn.a(FS_Misc.o)
                0x00002ea4                FS__SB_Create
 .text.FS__FCloseNL
                0x00002ecc       0x1e .\emFile_V322c\LinkLibrary\PSoC5\GCC\libemf32nosnlfn.a(FS_Misc.o)
                0x00002ecc                FS__FCloseNL
 .text.FS__FClose
                0x00002eea       0x1a .\emFile_V322c\LinkLibrary\PSoC5\GCC\libemf32nosnlfn.a(FS_Misc.o)
                0x00002eea                FS__FClose
 .text.FS_FClose
                0x00002f04        0xa .\emFile_V322c\LinkLibrary\PSoC5\GCC\libemf32nosnlfn.a(FS_Misc.o)
                0x00002f04                FS_FClose
 *fill*         0x00002f0e        0x2 
 .text.FS__AllocFileObj
                0x00002f10       0x48 .\emFile_V322c\LinkLibrary\PSoC5\GCC\libemf32nosnlfn.a(FS_Misc.o)
                0x00002f10                FS__AllocFileObj
 .text.FS__AllocFileHandle
                0x00002f58       0x40 .\emFile_V322c\LinkLibrary\PSoC5\GCC\libemf32nosnlfn.a(FS_Misc.o)
                0x00002f58                FS__AllocFileHandle
 .text.FS__OpenEx
                0x00002f98       0x58 .\emFile_V322c\LinkLibrary\PSoC5\GCC\libemf32nosnlfn.a(FS_Misc.o)
                0x00002f98                FS__OpenEx
 .text.FS__FOpenEx
                0x00002ff0       0x56 .\emFile_V322c\LinkLibrary\PSoC5\GCC\libemf32nosnlfn.a(FS_Misc.o)
                0x00002ff0                FS__FOpenEx
 *fill*         0x00003046        0x2 
 .text.FS__FOpen
                0x00003048       0x48 .\emFile_V322c\LinkLibrary\PSoC5\GCC\libemf32nosnlfn.a(FS_Misc.o)
                0x00003048                FS__FOpen
 .text.FS_FOpen
                0x00003090        0x4 .\emFile_V322c\LinkLibrary\PSoC5\GCC\libemf32nosnlfn.a(FS_Misc.o)
                0x00003090                FS_FOpen
 .text.FS__Remove
                0x00003094       0x28 .\emFile_V322c\LinkLibrary\PSoC5\GCC\libemf32nosnlfn.a(FS_Misc.o)
                0x00003094                FS__Remove
 .text.FS__SB_Write
                0x000030bc       0x24 .\emFile_V322c\LinkLibrary\PSoC5\GCC\libemf32nosnlfn.a(FS_Misc.o)
                0x000030bc                FS__SB_Write
 .text._SB_Clean
                0x000030e0       0x24 .\emFile_V322c\LinkLibrary\PSoC5\GCC\libemf32nosnlfn.a(FS_Misc.o)
 .text.FS__SB_SetSector
                0x00003104       0x20 .\emFile_V322c\LinkLibrary\PSoC5\GCC\libemf32nosnlfn.a(FS_Misc.o)
                0x00003104                FS__SB_SetSector
 .text.FS__SB_MarkValid
                0x00003124       0x10 .\emFile_V322c\LinkLibrary\PSoC5\GCC\libemf32nosnlfn.a(FS_Misc.o)
                0x00003124                FS__SB_MarkValid
 .text.FS__SB_Clean
                0x00003134        0x4 .\emFile_V322c\LinkLibrary\PSoC5\GCC\libemf32nosnlfn.a(FS_Misc.o)
                0x00003134                FS__SB_Clean
 .text.FS__SB_Delete
                0x00003138       0x12 .\emFile_V322c\LinkLibrary\PSoC5\GCC\libemf32nosnlfn.a(FS_Misc.o)
                0x00003138                FS__SB_Delete
 .text.FS__SB_Flush
                0x0000314a        0x8 .\emFile_V322c\LinkLibrary\PSoC5\GCC\libemf32nosnlfn.a(FS_Misc.o)
                0x0000314a                FS__SB_Flush
 .text.FS__SB_Read
                0x00003152       0x2a .\emFile_V322c\LinkLibrary\PSoC5\GCC\libemf32nosnlfn.a(FS_Misc.o)
                0x00003152                FS__SB_Read
 .text.FS__Read
                0x0000317c       0x2e .\emFile_V322c\LinkLibrary\PSoC5\GCC\libemf32nosnlfn.a(FS_Read.o)
                0x0000317c                FS__Read
 .text.FS__SetEndOfFile
                0x000031aa       0x12 .\emFile_V322c\LinkLibrary\PSoC5\GCC\libemf32nosnlfn.a(FS_SetEndOfFile.o)
                0x000031aa                FS__SetEndOfFile
 .text.FS__AddPhysDevice
                0x000031bc       0x10 .\emFile_V322c\LinkLibrary\PSoC5\GCC\libemf32nosnlfn.a(FS_Storage.o)
                0x000031bc                FS__AddPhysDevice
 .text.FS_GetVolumeName
                0x000031cc       0x60 .\emFile_V322c\LinkLibrary\PSoC5\GCC\libemf32nosnlfn.a(FS_Storage.o)
                0x000031cc                FS_GetVolumeName
 .text.FS__FindVolume
                0x0000322c       0x78 .\emFile_V322c\LinkLibrary\PSoC5\GCC\libemf32nosnlfn.a(FS_Storage.o)
                0x0000322c                FS__FindVolume
 .text.FS__AddDevice
                0x000032a4       0x68 .\emFile_V322c\LinkLibrary\PSoC5\GCC\libemf32nosnlfn.a(FS_Storage.o)
                0x000032a4                FS__AddDevice
 .text.FS_AddDevice
                0x0000330c        0x4 .\emFile_V322c\LinkLibrary\PSoC5\GCC\libemf32nosnlfn.a(FS_Storage.o)
                0x0000330c                FS_AddDevice
 .text.FS__SetFileTimeEx
                0x00003310       0x44 .\emFile_V322c\LinkLibrary\PSoC5\GCC\libemf32nosnlfn.a(FS_Time.o)
                0x00003310                FS__SetFileTimeEx
 .text.FS__GetFileTimeEx
                0x00003354       0x42 .\emFile_V322c\LinkLibrary\PSoC5\GCC\libemf32nosnlfn.a(FS_Time.o)
                0x00003354                FS__GetFileTimeEx
 .text._Mount   0x00003396       0x2e .\emFile_V322c\LinkLibrary\PSoC5\GCC\libemf32nosnlfn.a(FS_Volume.o)
 .text.FS__AutoMount
                0x000033c4       0x14 .\emFile_V322c\LinkLibrary\PSoC5\GCC\libemf32nosnlfn.a(FS_Volume.o)
                0x000033c4                FS__AutoMount
 .text.FS__Write
                0x000033d8       0x3a .\emFile_V322c\LinkLibrary\PSoC5\GCC\libemf32nosnlfn.a(FS_Write.o)
                0x000033d8                FS__Write
 .text.FS_Write
                0x00003412        0x4 .\emFile_V322c\LinkLibrary\PSoC5\GCC\libemf32nosnlfn.a(FS_Write.o)
                0x00003412                FS_Write
 *fill*         0x00003416        0x2 
 .text.FS_FAT_CreateDirEx
                0x00003418      0x110 .\emFile_V322c\LinkLibrary\PSoC5\GCC\libemf32nosnlfn.a(FAT_Dir.o)
                0x00003418                FS_FAT_CreateDirEx
 .text.FS_FAT_CreateDir
                0x00003528       0x64 .\emFile_V322c\LinkLibrary\PSoC5\GCC\libemf32nosnlfn.a(FAT_Dir.o)
                0x00003528                FS_FAT_CreateDir
 .text.FS_FAT_SetDirEntryInfo
                0x0000358c       0xb2 .\emFile_V322c\LinkLibrary\PSoC5\GCC\libemf32nosnlfn.a(FAT_DirEntry.o)
                0x0000358c                FS_FAT_SetDirEntryInfo
 .text.FS_FAT_GetDirEntryInfo
                0x0000363e       0x90 .\emFile_V322c\LinkLibrary\PSoC5\GCC\libemf32nosnlfn.a(FAT_DirEntry.o)
                0x0000363e                FS_FAT_GetDirEntryInfo
 *fill*         0x000036ce        0x2 
 .text.T.32     0x000036d0      0x400 .\emFile_V322c\LinkLibrary\PSoC5\GCC\libemf32nosnlfn.a(FAT_Format.o)
 .text._AutoFormat
                0x00003ad0       0x7c .\emFile_V322c\LinkLibrary\PSoC5\GCC\libemf32nosnlfn.a(FAT_Format.o)
 .text.FS_FAT_FormatEx
                0x00003b4c       0x74 .\emFile_V322c\LinkLibrary\PSoC5\GCC\libemf32nosnlfn.a(FAT_Format.o)
                0x00003b4c                FS_FAT_FormatEx
 .text._ReadBurst
                0x00003bc0       0x24 .\emFile_V322c\LinkLibrary\PSoC5\GCC\libemf32nosnlfn.a(FAT_Read.o)
 .text.FS_FAT_Read
                0x00003be4      0x194 .\emFile_V322c\LinkLibrary\PSoC5\GCC\libemf32nosnlfn.a(FAT_Read.o)
                0x00003be4                FS_FAT_Read
 .text.FS_FAT_SetEndOfFile
                0x00003d78       0xbc .\emFile_V322c\LinkLibrary\PSoC5\GCC\libemf32nosnlfn.a(FAT_SetEndOfFile.o)
                0x00003d78                FS_FAT_SetEndOfFile
 .text.FS__GetFileAttributes
                0x00003e34       0x38 .\emFile_V322c\LinkLibrary\PSoC5\GCC\libemf32nosnlfn.a(FS_Attrib.o)
                0x00003e34                FS__GetFileAttributes
 .text.FS__SetFileAttributes
                0x00003e6c       0x30 .\emFile_V322c\LinkLibrary\PSoC5\GCC\libemf32nosnlfn.a(FS_Attrib.o)
                0x00003e6c                FS__SetFileAttributes
 .text._IsBPB   0x00003e9c       0x1e .\emFile_V322c\LinkLibrary\PSoC5\GCC\libemf32nosnlfn.a(FS_Partition.o)
 .text._HasSignature
                0x00003eba       0x18 .\emFile_V322c\LinkLibrary\PSoC5\GCC\libemf32nosnlfn.a(FS_Partition.o)
 .text._GetPartitionStartSector
                0x00003ed2        0xc .\emFile_V322c\LinkLibrary\PSoC5\GCC\libemf32nosnlfn.a(FS_Partition.o)
 .text.FS__GetMediaStartSecEx
                0x00003ede       0x6e .\emFile_V322c\LinkLibrary\PSoC5\GCC\libemf32nosnlfn.a(FS_Partition.o)
                0x00003ede                FS__GetMediaStartSecEx
 .text.FS__LocatePartition
                0x00003f4c       0x44 .\emFile_V322c\LinkLibrary\PSoC5\GCC\libemf32nosnlfn.a(FS_Partition.o)
                0x00003f4c                FS__LocatePartition
 .text.FS_X_AddDevices
                0x00003f90       0x20 .\CortexM3\ARM_GCC_541\Debug\emFile_Example.a(emFile_ConfigMMC_SPI.o)
                0x00003f90                FS_X_AddDevices
 .text.FS_X_GetTimeDate
                0x00003fb0       0x58 .\CortexM3\ARM_GCC_541\Debug\emFile_Example.a(emFile_ConfigMMC_SPI.o)
                0x00003fb0                FS_X_GetTimeDate
 .text._CalcDataCRC16Dummy
                0x00004008        0x6 .\emFile_V322c\LinkLibrary\PSoC5\GCC\libemf32nosnlfn.a(MMC_Drv.o)
 *fill*         0x0000400e        0x2 
 .text._MMC_GetNumUnits
                0x00004010        0xc .\emFile_V322c\LinkLibrary\PSoC5\GCC\libemf32nosnlfn.a(MMC_Drv.o)
 .text._MMC_GetDriverName
                0x0000401c        0x8 .\emFile_V322c\LinkLibrary\PSoC5\GCC\libemf32nosnlfn.a(MMC_Drv.o)
 .text._MMC_GetStatus
                0x00004024        0x4 .\emFile_V322c\LinkLibrary\PSoC5\GCC\libemf32nosnlfn.a(MMC_Drv.o)
 .text._CheckR1
                0x00004028       0x38 .\emFile_V322c\LinkLibrary\PSoC5\GCC\libemf32nosnlfn.a(MMC_Drv.o)
 .text._WaitToGetReady
                0x00004060       0x26 .\emFile_V322c\LinkLibrary\PSoC5\GCC\libemf32nosnlfn.a(MMC_Drv.o)
 .text._SendEmptyCycles
                0x00004086       0x24 .\emFile_V322c\LinkLibrary\PSoC5\GCC\libemf32nosnlfn.a(MMC_Drv.o)
 *fill*         0x000040aa        0x2 
 .text._MMC_AddDevice
                0x000040ac       0x2c .\emFile_V322c\LinkLibrary\PSoC5\GCC\libemf32nosnlfn.a(MMC_Drv.o)
 .text.T.53     0x000040d8       0x14 .\emFile_V322c\LinkLibrary\PSoC5\GCC\libemf32nosnlfn.a(MMC_Drv.o)
 .text._GetFromCSD
                0x000040ec       0x34 .\emFile_V322c\LinkLibrary\PSoC5\GCC\libemf32nosnlfn.a(MMC_Drv.o)
 .text._ExecCmdR1
                0x00004120       0x98 .\emFile_V322c\LinkLibrary\PSoC5\GCC\libemf32nosnlfn.a(MMC_Drv.o)
 .text._ReadCSD
                0x000041b8       0x86 .\emFile_V322c\LinkLibrary\PSoC5\GCC\libemf32nosnlfn.a(MMC_Drv.o)
 *fill*         0x0000423e        0x2 
 .text._MMC_Read
                0x00004240      0x130 .\emFile_V322c\LinkLibrary\PSoC5\GCC\libemf32nosnlfn.a(MMC_Drv.o)
 .text._MMC_Write
                0x00004370      0x13c .\emFile_V322c\LinkLibrary\PSoC5\GCC\libemf32nosnlfn.a(MMC_Drv.o)
 .text._ApplyCSD
                0x000044ac      0x228 .\emFile_V322c\LinkLibrary\PSoC5\GCC\libemf32nosnlfn.a(MMC_Drv.o)
 .text._MMC_Init
                0x000046d4      0x1c0 .\emFile_V322c\LinkLibrary\PSoC5\GCC\libemf32nosnlfn.a(MMC_Drv.o)
 .text._MMC_InitMedium
                0x00004894       0x28 .\emFile_V322c\LinkLibrary\PSoC5\GCC\libemf32nosnlfn.a(MMC_Drv.o)
 .text._MMC_IoCtl
                0x000048bc       0x60 .\emFile_V322c\LinkLibrary\PSoC5\GCC\libemf32nosnlfn.a(MMC_Drv.o)
 .text.emFile_Init
                0x0000491c       0x6c .\CortexM3\ARM_GCC_541\Debug\emFile_Example.a(emFile_MMC_HW_SPI.o)
 .text.emFile_ReadWriteSPI
                0x00004988       0x68 .\CortexM3\ARM_GCC_541\Debug\emFile_Example.a(emFile_MMC_HW_SPI.o)
 .text.FS_MMC_HW_X_EnableCS
                0x000049f0       0x28 .\CortexM3\ARM_GCC_541\Debug\emFile_Example.a(emFile_MMC_HW_SPI.o)
                0x000049f0                FS_MMC_HW_X_EnableCS
 .text.FS_MMC_HW_X_DisableCS
                0x00004a18       0x28 .\CortexM3\ARM_GCC_541\Debug\emFile_Example.a(emFile_MMC_HW_SPI.o)
                0x00004a18                FS_MMC_HW_X_DisableCS
 .text.FS_MMC_HW_X_IsWriteProtected
                0x00004a40       0x28 .\CortexM3\ARM_GCC_541\Debug\emFile_Example.a(emFile_MMC_HW_SPI.o)
                0x00004a40                FS_MMC_HW_X_IsWriteProtected
 .text.FS_MMC_HW_X_SetMaxSpeed
                0x00004a68       0x88 .\CortexM3\ARM_GCC_541\Debug\emFile_Example.a(emFile_MMC_HW_SPI.o)
                0x00004a68                FS_MMC_HW_X_SetMaxSpeed
 .text.FS_MMC_HW_X_SetVoltage
                0x00004af0       0x68 .\CortexM3\ARM_GCC_541\Debug\emFile_Example.a(emFile_MMC_HW_SPI.o)
                0x00004af0                FS_MMC_HW_X_SetVoltage
 .text.FS_MMC_HW_X_IsPresent
                0x00004b58       0x30 .\CortexM3\ARM_GCC_541\Debug\emFile_Example.a(emFile_MMC_HW_SPI.o)
                0x00004b58                FS_MMC_HW_X_IsPresent
 .text.FS_MMC_HW_X_Read
                0x00004b88       0x38 .\CortexM3\ARM_GCC_541\Debug\emFile_Example.a(emFile_MMC_HW_SPI.o)
                0x00004b88                FS_MMC_HW_X_Read
 .text.FS_MMC_HW_X_Write
                0x00004bc0       0x34 .\CortexM3\ARM_GCC_541\Debug\emFile_Example.a(emFile_MMC_HW_SPI.o)
                0x00004bc0                FS_MMC_HW_X_Write
 .text.emFile_SPI0_Init
                0x00004bf4       0x34 .\CortexM3\ARM_GCC_541\Debug\emFile_Example.a(emFile_SPI0.o)
                0x00004bf4                emFile_SPI0_Init
 .text.emFile_SPI0_Enable
                0x00004c28       0x64 .\CortexM3\ARM_GCC_541\Debug\emFile_Example.a(emFile_SPI0.o)
                0x00004c28                emFile_SPI0_Enable
 .text.emFile_SPI0_Start
                0x00004c8c       0x24 .\CortexM3\ARM_GCC_541\Debug\emFile_Example.a(emFile_SPI0.o)
                0x00004c8c                emFile_SPI0_Start
 .text.emFile_SPI0_EnableTxInt
                0x00004cb0        0xc .\CortexM3\ARM_GCC_541\Debug\emFile_Example.a(emFile_SPI0.o)
                0x00004cb0                emFile_SPI0_EnableTxInt
 .text.emFile_SPI0_EnableRxInt
                0x00004cbc        0xc .\CortexM3\ARM_GCC_541\Debug\emFile_Example.a(emFile_SPI0.o)
                0x00004cbc                emFile_SPI0_EnableRxInt
 .text.emFile_SPI0_ReadTxStatus
                0x00004cc8       0x1c .\CortexM3\ARM_GCC_541\Debug\emFile_Example.a(emFile_SPI0.o)
                0x00004cc8                emFile_SPI0_ReadTxStatus
 .text.emFile_SPI0_ReadRxStatus
                0x00004ce4       0x1c .\CortexM3\ARM_GCC_541\Debug\emFile_Example.a(emFile_SPI0.o)
                0x00004ce4                emFile_SPI0_ReadRxStatus
 .text.emFile_SPI0_WriteTxData
                0x00004d00       0x34 .\CortexM3\ARM_GCC_541\Debug\emFile_Example.a(emFile_SPI0.o)
                0x00004d00                emFile_SPI0_WriteTxData
 .text.emFile_SPI0_ReadRxData
                0x00004d34       0x1c .\CortexM3\ARM_GCC_541\Debug\emFile_Example.a(emFile_SPI0.o)
                0x00004d34                emFile_SPI0_ReadRxData
 .text.emFile_SPI0_ClearFIFO
                0x00004d50       0x60 .\CortexM3\ARM_GCC_541\Debug\emFile_Example.a(emFile_SPI0.o)
                0x00004d50                emFile_SPI0_ClearFIFO
 .text.emFile_Clock_1_Start
                0x00004db0       0x34 .\CortexM3\ARM_GCC_541\Debug\emFile_Example.a(emFile_Clock_1.o)
                0x00004db0                emFile_Clock_1_Start
 .text.emFile_Clock_1_Stop
                0x00004de4       0x34 .\CortexM3\ARM_GCC_541\Debug\emFile_Example.a(emFile_Clock_1.o)
                0x00004de4                emFile_Clock_1_Stop
 .text.emFile_Clock_1_SetDividerRegister
                0x00004e18      0x164 .\CortexM3\ARM_GCC_541\Debug\emFile_Example.a(emFile_Clock_1.o)
                0x00004e18                emFile_Clock_1_SetDividerRegister
 .text.emFile_Clock_1_GetDividerRegister
                0x00004f7c       0x18 .\CortexM3\ARM_GCC_541\Debug\emFile_Example.a(emFile_Clock_1.o)
                0x00004f7c                emFile_Clock_1_GetDividerRegister
 .text.emFile_Clock_1_GetSourceRegister
                0x00004f94       0x1c .\CortexM3\ARM_GCC_541\Debug\emFile_Example.a(emFile_Clock_1.o)
                0x00004f94                emFile_Clock_1_GetSourceRegister
 .text.emFile_SPI0_CS_Write
                0x00004fb0       0x34 .\CortexM3\ARM_GCC_541\Debug\emFile_Example.a(emFile_SPI0_CS.o)
                0x00004fb0                emFile_SPI0_CS_Write
 .text.__errno  0x00004fe4        0xc c:/program files (x86)/cypress/psoc creator/4.2/psoc creator/import/gnu/arm/5.4.1/bin/../lib/gcc/arm-none-eabi/5.4.1/../../../../arm-none-eabi/lib/armv7-m\libg_nano.a(lib_a-errno.o)
                0x00004fe4                __errno
 .text.__libc_init_array
                0x00004ff0       0x4c c:/program files (x86)/cypress/psoc creator/4.2/psoc creator/import/gnu/arm/5.4.1/bin/../lib/gcc/arm-none-eabi/5.4.1/../../../../arm-none-eabi/lib/armv7-m\libg_nano.a(lib_a-init.o)
                0x00004ff0                __libc_init_array
 .text.memcpy   0x0000503c       0x16 c:/program files (x86)/cypress/psoc creator/4.2/psoc creator/import/gnu/arm/5.4.1/bin/../lib/gcc/arm-none-eabi/5.4.1/../../../../arm-none-eabi/lib/armv7-m\libg_nano.a(lib_a-memcpy-stub.o)
                0x0000503c                memcpy
 .text.memset   0x00005052       0x10 c:/program files (x86)/cypress/psoc creator/4.2/psoc creator/import/gnu/arm/5.4.1/bin/../lib/gcc/arm-none-eabi/5.4.1/../../../../arm-none-eabi/lib/armv7-m\libg_nano.a(lib_a-memset.o)
                0x00005052                memset
 .text.__cvt    0x00005062       0xc0 c:/program files (x86)/cypress/psoc creator/4.2/psoc creator/import/gnu/arm/5.4.1/bin/../lib/gcc/arm-none-eabi/5.4.1/../../../../arm-none-eabi/lib/armv7-m\libg_nano.a(lib_a-nano-vfprintf_float.o)
                0x00005062                __cvt
 .text.__exponent
                0x00005122       0x62 c:/program files (x86)/cypress/psoc creator/4.2/psoc creator/import/gnu/arm/5.4.1/bin/../lib/gcc/arm-none-eabi/5.4.1/../../../../arm-none-eabi/lib/armv7-m\libg_nano.a(lib_a-nano-vfprintf_float.o)
                0x00005122                __exponent
 .text._printf_float
                0x00005184      0x488 c:/program files (x86)/cypress/psoc creator/4.2/psoc creator/import/gnu/arm/5.4.1/bin/../lib/gcc/arm-none-eabi/5.4.1/../../../../arm-none-eabi/lib/armv7-m\libg_nano.a(lib_a-nano-vfprintf_float.o)
                0x00005184                _printf_float
 .text._printf_common
                0x0000560c       0xec c:/program files (x86)/cypress/psoc creator/4.2/psoc creator/import/gnu/arm/5.4.1/bin/../lib/gcc/arm-none-eabi/5.4.1/../../../../arm-none-eabi/lib/armv7-m\libg_nano.a(lib_a-nano-vfprintf_i.o)
                0x0000560c                _printf_common
 .text          0x000056f8       0x10 c:/program files (x86)/cypress/psoc creator/4.2/psoc creator/import/gnu/arm/5.4.1/bin/../lib/gcc/arm-none-eabi/5.4.1/../../../../arm-none-eabi/lib/armv7-m\libg_nano.a(lib_a-strlen.o)
                0x000056f8                strlen
 .text.quorem   0x00005708      0x116 c:/program files (x86)/cypress/psoc creator/4.2/psoc creator/import/gnu/arm/5.4.1/bin/../lib/gcc/arm-none-eabi/5.4.1/../../../../arm-none-eabi/lib/armv7-m\libg_nano.a(lib_a-dtoa.o)
 *fill*         0x0000581e        0x2 
 .text._dtoa_r  0x00005820      0xb30 c:/program files (x86)/cypress/psoc creator/4.2/psoc creator/import/gnu/arm/5.4.1/bin/../lib/gcc/arm-none-eabi/5.4.1/../../../../arm-none-eabi/lib/armv7-m\libg_nano.a(lib_a-dtoa.o)
                0x00005820                _dtoa_r
 .text._localeconv_r
                0x00006350        0x8 c:/program files (x86)/cypress/psoc creator/4.2/psoc creator/import/gnu/arm/5.4.1/bin/../lib/gcc/arm-none-eabi/5.4.1/../../../../arm-none-eabi/lib/armv7-m\libg_nano.a(lib_a-locale.o)
                0x00006350                _localeconv_r
 .text.malloc   0x00006358       0x10 c:/program files (x86)/cypress/psoc creator/4.2/psoc creator/import/gnu/arm/5.4.1/bin/../lib/gcc/arm-none-eabi/5.4.1/../../../../arm-none-eabi/lib/armv7-m\libg_nano.a(lib_a-malloc.o)
                0x00006358                malloc
 .text._Balloc  0x00006368       0x6a c:/program files (x86)/cypress/psoc creator/4.2/psoc creator/import/gnu/arm/5.4.1/bin/../lib/gcc/arm-none-eabi/5.4.1/../../../../arm-none-eabi/lib/armv7-m\libg_nano.a(lib_a-mprec.o)
                0x00006368                _Balloc
 .text._Bfree   0x000063d2       0x2e c:/program files (x86)/cypress/psoc creator/4.2/psoc creator/import/gnu/arm/5.4.1/bin/../lib/gcc/arm-none-eabi/5.4.1/../../../../arm-none-eabi/lib/armv7-m\libg_nano.a(lib_a-mprec.o)
                0x000063d2                _Bfree
 .text.__multadd
                0x00006400       0x76 c:/program files (x86)/cypress/psoc creator/4.2/psoc creator/import/gnu/arm/5.4.1/bin/../lib/gcc/arm-none-eabi/5.4.1/../../../../arm-none-eabi/lib/armv7-m\libg_nano.a(lib_a-mprec.o)
                0x00006400                __multadd
 .text.__hi0bits
                0x00006476       0x40 c:/program files (x86)/cypress/psoc creator/4.2/psoc creator/import/gnu/arm/5.4.1/bin/../lib/gcc/arm-none-eabi/5.4.1/../../../../arm-none-eabi/lib/armv7-m\libg_nano.a(lib_a-mprec.o)
                0x00006476                __hi0bits
 .text.__lo0bits
                0x000064b6       0x5a c:/program files (x86)/cypress/psoc creator/4.2/psoc creator/import/gnu/arm/5.4.1/bin/../lib/gcc/arm-none-eabi/5.4.1/../../../../arm-none-eabi/lib/armv7-m\libg_nano.a(lib_a-mprec.o)
                0x000064b6                __lo0bits
 .text.__i2b    0x00006510       0x12 c:/program files (x86)/cypress/psoc creator/4.2/psoc creator/import/gnu/arm/5.4.1/bin/../lib/gcc/arm-none-eabi/5.4.1/../../../../arm-none-eabi/lib/armv7-m\libg_nano.a(lib_a-mprec.o)
                0x00006510                __i2b
 .text.__multiply
                0x00006522      0x120 c:/program files (x86)/cypress/psoc creator/4.2/psoc creator/import/gnu/arm/5.4.1/bin/../lib/gcc/arm-none-eabi/5.4.1/../../../../arm-none-eabi/lib/armv7-m\libg_nano.a(lib_a-mprec.o)
                0x00006522                __multiply
 *fill*         0x00006642        0x2 
 .text.__pow5mult
                0x00006644       0x9c c:/program files (x86)/cypress/psoc creator/4.2/psoc creator/import/gnu/arm/5.4.1/bin/../lib/gcc/arm-none-eabi/5.4.1/../../../../arm-none-eabi/lib/armv7-m\libg_nano.a(lib_a-mprec.o)
                0x00006644                __pow5mult
 .text.__lshift
                0x000066e0       0xa2 c:/program files (x86)/cypress/psoc creator/4.2/psoc creator/import/gnu/arm/5.4.1/bin/../lib/gcc/arm-none-eabi/5.4.1/../../../../arm-none-eabi/lib/armv7-m\libg_nano.a(lib_a-mprec.o)
                0x000066e0                __lshift
 .text.__mcmp   0x00006782       0x38 c:/program files (x86)/cypress/psoc creator/4.2/psoc creator/import/gnu/arm/5.4.1/bin/../lib/gcc/arm-none-eabi/5.4.1/../../../../arm-none-eabi/lib/armv7-m\libg_nano.a(lib_a-mprec.o)
                0x00006782                __mcmp
 .text.__mdiff  0x000067ba       0xbe c:/program files (x86)/cypress/psoc creator/4.2/psoc creator/import/gnu/arm/5.4.1/bin/../lib/gcc/arm-none-eabi/5.4.1/../../../../arm-none-eabi/lib/armv7-m\libg_nano.a(lib_a-mprec.o)
                0x000067ba                __mdiff
 .text.__d2b    0x00006878       0x9c c:/program files (x86)/cypress/psoc creator/4.2/psoc creator/import/gnu/arm/5.4.1/bin/../lib/gcc/arm-none-eabi/5.4.1/../../../../arm-none-eabi/lib/armv7-m\libg_nano.a(lib_a-mprec.o)
                0x00006878                __d2b
 .text._calloc_r
                0x00006914       0x1c c:/program files (x86)/cypress/psoc creator/4.2/psoc creator/import/gnu/arm/5.4.1/bin/../lib/gcc/arm-none-eabi/5.4.1/../../../../arm-none-eabi/lib/armv7-m\libg_nano.a(lib_a-nano-callocr.o)
                0x00006914                _calloc_r
 .text._malloc_r
                0x00006930       0xbc c:/program files (x86)/cypress/psoc creator/4.2/psoc creator/import/gnu/arm/5.4.1/bin/../lib/gcc/arm-none-eabi/5.4.1/../../../../arm-none-eabi/lib/armv7-m\libg_nano.a(lib_a-nano-mallocr.o)
                0x00006930                _malloc_r
 .text._sbrk_r  0x000069ec       0x20 c:/program files (x86)/cypress/psoc creator/4.2/psoc creator/import/gnu/arm/5.4.1/bin/../lib/gcc/arm-none-eabi/5.4.1/../../../../arm-none-eabi/lib/armv7-m\libg_nano.a(lib_a-sbrkr.o)
                0x000069ec                _sbrk_r
 .text.__malloc_lock
                0x00006a0c        0x2 c:/program files (x86)/cypress/psoc creator/4.2/psoc creator/import/gnu/arm/5.4.1/bin/../lib/gcc/arm-none-eabi/5.4.1/../../../../arm-none-eabi/lib/armv7-m\libg_nano.a(lib_a-mlock.o)
                0x00006a0c                __malloc_lock
 .text.__malloc_unlock
                0x00006a0e        0x2 c:/program files (x86)/cypress/psoc creator/4.2/psoc creator/import/gnu/arm/5.4.1/bin/../lib/gcc/arm-none-eabi/5.4.1/../../../../arm-none-eabi/lib/armv7-m\libg_nano.a(lib_a-mlock.o)
                0x00006a0e                __malloc_unlock
 .text          0x00006a10      0x370 c:/program files (x86)/cypress/psoc creator/4.2/psoc creator/import/gnu/arm/5.4.1/bin/../lib/gcc/arm-none-eabi/5.4.1/armv7-m\libgcc.a(_arm_addsubdf3.o)
                0x00006a10                __aeabi_drsub
                0x00006a18                __aeabi_dsub
                0x00006a18                __subdf3
                0x00006a1c                __aeabi_dadd
                0x00006a1c                __adddf3
                0x00006c94                __floatunsidf
                0x00006c94                __aeabi_ui2d
                0x00006cb4                __floatsidf
                0x00006cb4                __aeabi_i2d
                0x00006cd8                __aeabi_f2d
                0x00006cd8                __extendsfdf2
                0x00006d14                __floatundidf
                0x00006d14                __aeabi_ul2d
                0x00006d24                __floatdidf
                0x00006d24                __aeabi_l2d
 .text          0x00006d80      0x424 c:/program files (x86)/cypress/psoc creator/4.2/psoc creator/import/gnu/arm/5.4.1/bin/../lib/gcc/arm-none-eabi/5.4.1/armv7-m\libgcc.a(_arm_muldivdf3.o)
                0x00006d80                __aeabi_dmul
                0x00006d80                __muldf3
                0x00006fd4                __divdf3
                0x00006fd4                __aeabi_ddiv
 .text          0x000071a4      0x110 c:/program files (x86)/cypress/psoc creator/4.2/psoc creator/import/gnu/arm/5.4.1/bin/../lib/gcc/arm-none-eabi/5.4.1/armv7-m\libgcc.a(_arm_cmpdf2.o)
                0x000071a4                __gtdf2
                0x000071a4                __gedf2
                0x000071ac                __ltdf2
                0x000071ac                __ledf2
                0x000071b4                __nedf2
                0x000071b4                __eqdf2
                0x000071b4                __cmpdf2
                0x00007230                __aeabi_cdrcmple
                0x00007240                __aeabi_cdcmpeq
                0x00007240                __aeabi_cdcmple
                0x00007250                __aeabi_dcmpeq
                0x00007264                __aeabi_dcmplt
                0x00007278                __aeabi_dcmple
                0x0000728c                __aeabi_dcmpge
                0x000072a0                __aeabi_dcmpgt
 .text          0x000072b4       0x2c c:/program files (x86)/cypress/psoc creator/4.2/psoc creator/import/gnu/arm/5.4.1/bin/../lib/gcc/arm-none-eabi/5.4.1/armv7-m\libgcc.a(_arm_unorddf2.o)
                0x000072b4                __unorddf2
                0x000072b4                __aeabi_dcmpun
 .text          0x000072e0       0x50 c:/program files (x86)/cypress/psoc creator/4.2/psoc creator/import/gnu/arm/5.4.1/bin/../lib/gcc/arm-none-eabi/5.4.1/armv7-m\libgcc.a(_arm_fixdfsi.o)
                0x000072e0                __aeabi_d2iz
                0x000072e0                __fixdfsi
 *(.plt)
 *(.gnu.warning)
 *(.glue_7t)
 .glue_7t       0x00007330        0x0 linker stubs
 *(.glue_7)
 .glue_7        0x00007330        0x0 linker stubs
 *(.vfp11_veneer)
 .vfp11_veneer  0x00007330        0x0 linker stubs
 *(.bootloader)
 *(.ARM.extab* .gnu.linkonce.armextab.*)
 *(.gcc_except_table)

.v4_bx          0x00007330        0x0
 .v4_bx         0x00007330        0x0 linker stubs

.iplt           0x00007330        0x0
 .iplt          0x00007330        0x0 c:/program files (x86)/cypress/psoc creator/4.2/psoc creator/import/gnu/arm/5.4.1/bin/../lib/gcc/arm-none-eabi/5.4.1/armv7-m/crtbegin.o

.eh_frame_hdr
 *(.eh_frame_hdr)

.eh_frame       0x00007330        0x4
 *(.eh_frame)
 .eh_frame      0x00007330        0x0 c:/program files (x86)/cypress/psoc creator/4.2/psoc creator/import/gnu/arm/5.4.1/bin/../lib/gcc/arm-none-eabi/5.4.1/armv7-m/crtbegin.o
 .eh_frame      0x00007330        0x4 c:/program files (x86)/cypress/psoc creator/4.2/psoc creator/import/gnu/arm/5.4.1/bin/../lib/gcc/arm-none-eabi/5.4.1/armv7-m/crtend.o
                [!provide]                PROVIDE (__exidx_start, .)

.ARM.exidx
 *(.ARM.exidx* .gnu.linkonce.armexidx.*)
                0x00007334                __exidx_end = .

.rodata         0x00007338      0x620
 *(.rodata .rodata.* .gnu.linkonce.r.*)
 .rodata        0x00007338      0x1ae .\CortexM3\ARM_GCC_541\Debug\main.o
 *fill*         0x000074e6        0x2 
 .rodata        0x000074e8       0x88 .\CortexM3\ARM_GCC_541\Debug\cyfitter_cfg.o
 .rodata        0x00007570       0x98 .\emFile_V322c\LinkLibrary\PSoC5\GCC\libemf32nosnlfn.a(FAT_FormatSD.o)
 .rodata        0x00007608       0x10 .\emFile_V322c\LinkLibrary\PSoC5\GCC\libemf32nosnlfn.a(FAT_Misc.o)
                0x00007608                FAT_SFN_API
 .rodata.str1.1
                0x00007618        0x3 .\emFile_V322c\LinkLibrary\PSoC5\GCC\libemf32nosnlfn.a(FAT_Open.o)
 *fill*         0x0000761b        0x1 
 .rodata        0x0000761c       0x78 .\emFile_V322c\LinkLibrary\PSoC5\GCC\libemf32nosnlfn.a(FS_Misc.o)
 .rodata.str1.1
                0x00007694       0x30 .\emFile_V322c\LinkLibrary\PSoC5\GCC\libemf32nosnlfn.a(FS_Misc.o)
 .rodata        0x000076c4       0x18 .\emFile_V322c\LinkLibrary\PSoC5\GCC\libemf32nosnlfn.a(FAT_Dir.o)
 .rodata        0x000076dc       0x8c .\emFile_V322c\LinkLibrary\PSoC5\GCC\libemf32nosnlfn.a(FAT_Format.o)
                0x000076f4                _acVolumeLabel
 .rodata.str1.1
                0x00007768       0x24 .\emFile_V322c\LinkLibrary\PSoC5\GCC\libemf32nosnlfn.a(FAT_Format.o)
 .rodata        0x0000778c       0x68 .\emFile_V322c\LinkLibrary\PSoC5\GCC\libemf32nosnlfn.a(MMC_Drv.o)
                0x000077d4                FS_MMC_SPI_Driver
 .rodata.str1.1
                0x000077f4        0x4 .\emFile_V322c\LinkLibrary\PSoC5\GCC\libemf32nosnlfn.a(MMC_Drv.o)
 .rodata.str1.1
                0x000077f8        0x2 c:/program files (x86)/cypress/psoc creator/4.2/psoc creator/import/gnu/arm/5.4.1/bin/../lib/gcc/arm-none-eabi/5.4.1/../../../../arm-none-eabi/lib/armv7-m\libg_nano.a(lib_a-impure.o)
 .rodata.str1.1
                0x000077fa       0x12 c:/program files (x86)/cypress/psoc creator/4.2/psoc creator/import/gnu/arm/5.4.1/bin/../lib/gcc/arm-none-eabi/5.4.1/../../../../arm-none-eabi/lib/armv7-m\libg_nano.a(lib_a-nano-vfprintf_float.o)
 .rodata.str1.1
                0x0000780c        0xd c:/program files (x86)/cypress/psoc creator/4.2/psoc creator/import/gnu/arm/5.4.1/bin/../lib/gcc/arm-none-eabi/5.4.1/../../../../arm-none-eabi/lib/armv7-m\libg_nano.a(lib_a-dtoa.o)
                                  0xf (size before relaxing)
 .rodata.str1.1
                0x00007819        0x6 c:/program files (x86)/cypress/psoc creator/4.2/psoc creator/import/gnu/arm/5.4.1/bin/../lib/gcc/arm-none-eabi/5.4.1/../../../../arm-none-eabi/lib/armv7-m\libg_nano.a(lib_a-locale.o)
                                  0xb (size before relaxing)
 *fill*         0x0000781f        0x1 
 .rodata.__mprec_tens
                0x00007820       0xc8 c:/program files (x86)/cypress/psoc creator/4.2/psoc creator/import/gnu/arm/5.4.1/bin/../lib/gcc/arm-none-eabi/5.4.1/../../../../arm-none-eabi/lib/armv7-m\libg_nano.a(lib_a-mprec.o)
                0x00007820                __mprec_tens
 .rodata.p05.5408
                0x000078e8        0xc c:/program files (x86)/cypress/psoc creator/4.2/psoc creator/import/gnu/arm/5.4.1/bin/../lib/gcc/arm-none-eabi/5.4.1/../../../../arm-none-eabi/lib/armv7-m\libg_nano.a(lib_a-mprec.o)
 *fill*         0x000078f4        0x4 
 .rodata.__mprec_bigtens
                0x000078f8       0x28 c:/program files (x86)/cypress/psoc creator/4.2/psoc creator/import/gnu/arm/5.4.1/bin/../lib/gcc/arm-none-eabi/5.4.1/../../../../arm-none-eabi/lib/armv7-m\libg_nano.a(lib_a-mprec.o)
                0x000078f8                __mprec_bigtens
                0x00007920                . = ALIGN (0x4)
 *(.init)
 .init          0x00007920        0x4 c:/program files (x86)/cypress/psoc creator/4.2/psoc creator/import/gnu/arm/5.4.1/bin/../lib/gcc/arm-none-eabi/5.4.1/armv7-m/crti.o
                0x00007920                _init
 .init          0x00007924        0x8 c:/program files (x86)/cypress/psoc creator/4.2/psoc creator/import/gnu/arm/5.4.1/bin/../lib/gcc/arm-none-eabi/5.4.1/armv7-m/crtn.o
                0x0000792c                . = ALIGN (0x4)
                0x0000792c                __preinit_array_start = .
 *(.preinit_array)
                0x0000792c                __preinit_array_end = .
                0x0000792c                . = ALIGN (0x4)
                0x0000792c                __init_array_start = .
 *(SORT(.init_array.*))
 *(.init_array)
 .init_array    0x0000792c        0x4 c:/program files (x86)/cypress/psoc creator/4.2/psoc creator/import/gnu/arm/5.4.1/bin/../lib/gcc/arm-none-eabi/5.4.1/armv7-m/crtbegin.o
 .init_array    0x00007930        0x4 .\CortexM3\ARM_GCC_541\Debug\Cm3Start.o
                0x00007934                __init_array_end = .
                0x00007934                . = ALIGN (0x4)
 *(.fini)
 .fini          0x00007934        0x4 c:/program files (x86)/cypress/psoc creator/4.2/psoc creator/import/gnu/arm/5.4.1/bin/../lib/gcc/arm-none-eabi/5.4.1/armv7-m/crti.o
                0x00007934                _fini
 .fini          0x00007938        0x8 c:/program files (x86)/cypress/psoc creator/4.2/psoc creator/import/gnu/arm/5.4.1/bin/../lib/gcc/arm-none-eabi/5.4.1/armv7-m/crtn.o
                0x00007940                . = ALIGN (0x4)
                0x00007940                __fini_array_start = .
 *(.fini_array)
 .fini_array    0x00007940        0x4 c:/program files (x86)/cypress/psoc creator/4.2/psoc creator/import/gnu/arm/5.4.1/bin/../lib/gcc/arm-none-eabi/5.4.1/armv7-m/crtbegin.o
 *(SORT(.fini_array.*))
                0x00007944                __fini_array_end = .
                0x00007944                . = ALIGN (0x4)
 *crtbegin.o(.ctors)
 *(EXCLUDE_FILE(*crtend.o) .ctors)
 *(SORT(.ctors.*))
 *crtend.o(.ctors)
                0x00007944                . = ALIGN (0x4)
 *crtbegin.o(.dtors)
 *(EXCLUDE_FILE(*crtend.o) .dtors)
 *(SORT(.dtors.*))
 *crtend.o(.dtors)
                0x00007944                . = ALIGN (0x4)
                0x00007944                __cy_regions = .
                0x00007944        0x4 LONG 0x7958 __cy_region_init_ram
                0x00007948        0x4 LONG 0x1fff80c8 __cy_region_start_data
                0x0000794c        0x4 LONG 0xc8 __cy_region_init_size_ram
                0x00007950        0x4 LONG 0x10e0 __cy_region_zero_size_ram
                0x00007954                __cy_regions_end = .
                0x00007958                . = ALIGN (0x8)
 *fill*         0x00007954        0x4 
                0x00007958                _etext = .

.cy_checksum_exclude
                0x00007958        0x0
 *(.cy_checksum_exclude)

.ramvectors     0x1fff8000       0xc0
                0x1fff8000                __cy_region_start_ram = .
 *(.ramvectors)
 .ramvectors    0x1fff8000       0xc0 .\CortexM3\ARM_GCC_541\Debug\Cm3Start.o
                0x1fff8000                CyRamVectors

.noinit         0x1fff80c0        0x5
 *(.noinit)
 .noinit        0x1fff80c0        0x4 .\CortexM3\ARM_GCC_541\Debug\Cm3Start.o
 .noinit        0x1fff80c4        0x1 .\CortexM3\ARM_GCC_541\Debug\emFile_Example.a(CyLib.o)
                0x1fff80c4                CyResetStatus

.data           0x1fff80c8       0xc8 load address 0x00007958
                0x1fff80c8                __cy_region_start_data = .
 *(.jcr)
 .jcr           0x1fff80c8        0x0 c:/program files (x86)/cypress/psoc creator/4.2/psoc creator/import/gnu/arm/5.4.1/bin/../lib/gcc/arm-none-eabi/5.4.1/armv7-m/crtbegin.o
 .jcr           0x1fff80c8        0x4 c:/program files (x86)/cypress/psoc creator/4.2/psoc creator/import/gnu/arm/5.4.1/bin/../lib/gcc/arm-none-eabi/5.4.1/armv7-m/crtend.o
 *(.got.plt)
 *(.got)
 *(.shdata)
 *(.data .data.* .gnu.linkonce.d.*)
 .data          0x1fff80cc        0x9 .\CortexM3\ARM_GCC_541\Debug\main.o
                0x1fff80cc                sdFile
 *fill*         0x1fff80d5        0x3 
 .data          0x1fff80d8        0x4 .\CortexM3\ARM_GCC_541\Debug\Cm3Start.o
 .data          0x1fff80dc       0x10 .\CortexM3\ARM_GCC_541\Debug\emFile_Example.a(CyLib.o)
                0x1fff80dc                cydelay_freq_hz
                0x1fff80e0                cydelay_freq_khz
                0x1fff80e4                cydelay_freq_mhz
                0x1fff80e8                cydelay_32k_ms
 .data          0x1fff80ec        0x4 .\emFile_V322c\LinkLibrary\PSoC5\GCC\libemf32nosnlfn.a(FAT_Misc.o)
                0x1fff80ec                FAT_pDirEntryAPI
 .data          0x1fff80f0        0x4 .\emFile_V322c\LinkLibrary\PSoC5\GCC\libemf32nosnlfn.a(MMC_Drv.o)
 .data.impure_data
                0x1fff80f4       0x60 c:/program files (x86)/cypress/psoc creator/4.2/psoc creator/import/gnu/arm/5.4.1/bin/../lib/gcc/arm-none-eabi/5.4.1/../../../../arm-none-eabi/lib/armv7-m\libg_nano.a(lib_a-impure.o)
 .data._impure_ptr
                0x1fff8154        0x4 c:/program files (x86)/cypress/psoc creator/4.2/psoc creator/import/gnu/arm/5.4.1/bin/../lib/gcc/arm-none-eabi/5.4.1/../../../../arm-none-eabi/lib/armv7-m\libg_nano.a(lib_a-impure.o)
                0x1fff8154                _impure_ptr
 .data.lconv    0x1fff8158       0x38 c:/program files (x86)/cypress/psoc creator/4.2/psoc creator/import/gnu/arm/5.4.1/bin/../lib/gcc/arm-none-eabi/5.4.1/../../../../arm-none-eabi/lib/armv7-m\libg_nano.a(lib_a-locale.o)
                0x1fff8190                . = ALIGN (0x8)
 *(.ram)
                0x1fff8190                _edata = .

.igot.plt       0x1fff8190        0x0 load address 0x00007a20
 .igot.plt      0x1fff8190        0x0 c:/program files (x86)/cypress/psoc creator/4.2/psoc creator/import/gnu/arm/5.4.1/bin/../lib/gcc/arm-none-eabi/5.4.1/armv7-m/crtbegin.o

.bss            0x1fff8190     0x10e0 load address 0x00007a20
                0x1fff8190                PROVIDE (__bss_start__, .)
 *(.shbss)
 *(.bss .bss.* .gnu.linkonce.b.*)
 .bss           0x1fff8190       0x1c c:/program files (x86)/cypress/psoc creator/4.2/psoc creator/import/gnu/arm/5.4.1/bin/../lib/gcc/arm-none-eabi/5.4.1/armv7-m/crtbegin.o
 *fill*         0x1fff81ac        0x4 
 .bss           0x1fff81b0        0x4 .\CortexM3\ARM_GCC_541\Debug\cyfitter_cfg.o
 .bss           0x1fff81b4        0x2 .\CortexM3\ARM_GCC_541\Debug\emFile_Example.a(LCD.o)
                0x1fff81b4                LCD_enableState
                0x1fff81b5                LCD_initVar
 *fill*         0x1fff81b6        0x2 
 .bss           0x1fff81b8        0xc .\emFile_V322c\LinkLibrary\PSoC5\GCC\libemf32nosnlfn.a(FS_Core.o)
 .bss           0x1fff81c4     0x1000 .\CortexM3\ARM_GCC_541\Debug\emFile_Example.a(emFile_ConfigMMC_SPI.o)
 .bss           0x1fff91c4       0x14 .\emFile_V322c\LinkLibrary\PSoC5\GCC\libemf32nosnlfn.a(MMC_Drv.o)
 .bss           0x1fff91d8        0x1 .\CortexM3\ARM_GCC_541\Debug\emFile_Example.a(emFile_MMC_HW_SPI.o)
 .bss           0x1fff91d9        0x1 .\CortexM3\ARM_GCC_541\Debug\emFile_Example.a(emFile_SPI0.o)
                0x1fff91d9                emFile_SPI0_initVar
 *fill*         0x1fff91da        0x2 
 .bss.__malloc_sbrk_start
                0x1fff91dc        0x4 c:/program files (x86)/cypress/psoc creator/4.2/psoc creator/import/gnu/arm/5.4.1/bin/../lib/gcc/arm-none-eabi/5.4.1/../../../../arm-none-eabi/lib/armv7-m\libg_nano.a(lib_a-nano-mallocr.o)
                0x1fff91dc                __malloc_sbrk_start
 .bss.__malloc_free_list
                0x1fff91e0        0x4 c:/program files (x86)/cypress/psoc creator/4.2/psoc creator/import/gnu/arm/5.4.1/bin/../lib/gcc/arm-none-eabi/5.4.1/../../../../arm-none-eabi/lib/armv7-m\libg_nano.a(lib_a-nano-mallocr.o)
                0x1fff91e0                __malloc_free_list
 *(COMMON)
 COMMON         0x1fff91e4       0x88 .\emFile_V322c\LinkLibrary\PSoC5\GCC\libemf32nosnlfn.a(FS_Core.o)
                0x1fff91e4                FS_Global
                0x1fff9268                FS_NumBytesAllocated
 COMMON         0x1fff926c        0x4 c:/program files (x86)/cypress/psoc creator/4.2/psoc creator/import/gnu/arm/5.4.1/bin/../lib/gcc/arm-none-eabi/5.4.1/../../../../arm-none-eabi/lib/armv7-m\libg_nano.a(lib_a-reent.o)
                0x1fff926c                errno
                0x1fff9270                . = ALIGN (0x8)
 *(.ram.b)
                0x1fff9270                _end = .
                0x1fff9270                __end = .
                0x1fff9270                PROVIDE (end, .)
                0x1fff9270                PROVIDE (__bss_end__, .)
                0x00007958                __cy_region_init_ram = LOADADDR (.data)
                0x000000c8                __cy_region_init_size_ram = (_edata - ADDR (.data))
                0x000010e0                __cy_region_zero_size_ram = (_end - _edata)

.heap           0x1fff9270       0x80 load address 0x00007a20
                0x1fff9270                . = _end
                0x1fff92f0                . = (. + 0x80)
 *fill*         0x1fff9270       0x80 
                0x1fff92f0                __cy_heap_limit = .

.stack          0x20007800      0x800
                0x20007800                __cy_stack_limit = .
                0x20008000                . = (. + 0x800)
 *fill*         0x20007800      0x800 
                0x00000001                ASSERT ((__cy_stack_limit >= __cy_heap_limit), region RAM overflowed with stack)
                0x00000000                cy_checksum_exclude_size = (CY_APPL_LOADABLE == 0x1)?SIZEOF (.cy_checksum_exclude):0x0
                0x00000001                ASSERT ((cy_checksum_exclude_size <= CY_CHECKSUM_EXCLUDE_SIZE), CY_BOOT: Section .cy_checksum_exclude size exceedes specified limit.)

.cyloadermeta
 *(.cyloadermeta)

.cyloadablemeta
 *(.cyloadablemeta)

.cyconfigecc    0x80000000      0x650
 *(.cyconfigecc)
 .cyconfigecc   0x80000000      0x650 .\CortexM3\ARM_GCC_541\Debug\cymetadata.o
                0x80000000                cy_meta_configecc

.cycustnvl      0x90000000        0x4
 *(.cycustnvl)
 .cycustnvl     0x90000000        0x4 .\CortexM3\ARM_GCC_541\Debug\cymetadata.o
                0x90000000                cy_meta_custnvl

.cywolatch      0x90100000        0x4
 *(.cywolatch)
 .cywolatch     0x90100000        0x4 .\CortexM3\ARM_GCC_541\Debug\cymetadata.o
                0x90100000                cy_meta_wonvl

.cyeeprom       0x90200000        0x0
 *(.cyeeprom)
                0x00000001                ASSERT ((. <= ((0x90200000 + ee_offset) + ee_size)), .cyeeprom data will not fit in EEPROM)

.cyflashprotect
                0x90400000      0x100
 *(.cyflashprotect)
 .cyflashprotect
                0x90400000      0x100 .\CortexM3\ARM_GCC_541\Debug\cymetadata.o
                0x90400000                cy_meta_flashprotect

.cymeta         0x90500000        0xc
 *(.cymeta)
 .cymeta        0x90500000        0xc .\CortexM3\ARM_GCC_541\Debug\cymetadata.o
                0x90500000                cy_metadata

.rel.dyn        0x00007a20        0x0 load address 0x9050000c
 .rel.iplt      0x00007a20        0x0 c:/program files (x86)/cypress/psoc creator/4.2/psoc creator/import/gnu/arm/5.4.1/bin/../lib/gcc/arm-none-eabi/5.4.1/armv7-m/crtbegin.o

.stab
 *(.stab)

.stabstr
 *(.stabstr)

.debug
 *(.debug)

.line
 *(.line)

.debug_srcinfo
 *(.debug_srcinfo)

.debug_sfnames
 *(.debug_sfnames)

.debug_aranges  0x00000000      0x7e0
 *(.debug_aranges)
 .debug_aranges
                0x00000000       0x28 .\CortexM3\ARM_GCC_541\Debug\main.o
 .debug_aranges
                0x00000028       0x60 .\CortexM3\ARM_GCC_541\Debug\cyfitter_cfg.o
 .debug_aranges
                0x00000088       0x18 .\CortexM3\ARM_GCC_541\Debug\cymetadata.o
 .debug_aranges
                0x000000a0       0x48 .\CortexM3\ARM_GCC_541\Debug\Cm3Start.o
 .debug_aranges
                0x000000e8       0x98 .\CortexM3\ARM_GCC_541\Debug\emFile_Example.a(LCD.o)
 .debug_aranges
                0x00000180      0x2a0 .\CortexM3\ARM_GCC_541\Debug\emFile_Example.a(CyLib.o)
 .debug_aranges
                0x00000420       0x98 .\CortexM3\ARM_GCC_541\Debug\emFile_Example.a(cyPm.o)
 .debug_aranges
                0x000004b8       0x20 .\CortexM3\ARM_GCC_541\Debug\emFile_Example.a(CyBootAsmGnu.o)
 .debug_aranges
                0x000004d8       0x80 .\CortexM3\ARM_GCC_541\Debug\emFile_Example.a(CyFlash.o)
 .debug_aranges
                0x00000558       0x78 .\CortexM3\ARM_GCC_541\Debug\emFile_Example.a(CySpc.o)
 .debug_aranges
                0x000005d0       0x28 .\CortexM3\ARM_GCC_541\Debug\emFile_Example.a(emFile_ConfigMMC_SPI.o)
 .debug_aranges
                0x000005f8       0x68 .\CortexM3\ARM_GCC_541\Debug\emFile_Example.a(emFile_MMC_HW_SPI.o)
 .debug_aranges
                0x00000660       0xd8 .\CortexM3\ARM_GCC_541\Debug\emFile_Example.a(emFile_SPI0.o)
 .debug_aranges
                0x00000738       0x70 .\CortexM3\ARM_GCC_541\Debug\emFile_Example.a(emFile_Clock_1.o)
 .debug_aranges
                0x000007a8       0x38 .\CortexM3\ARM_GCC_541\Debug\emFile_Example.a(emFile_SPI0_CS.o)

.debug_pubnames
 *(.debug_pubnames)

.debug_info     0x00000000     0x36f7
 *(.debug_info .gnu.linkonce.wi.*)
 .debug_info    0x00000000      0x185 .\CortexM3\ARM_GCC_541\Debug\main.o
 .debug_info    0x00000185      0x3d6 .\CortexM3\ARM_GCC_541\Debug\cyfitter_cfg.o
 .debug_info    0x0000055b      0x138 .\CortexM3\ARM_GCC_541\Debug\cymetadata.o
 .debug_info    0x00000693      0x32b .\CortexM3\ARM_GCC_541\Debug\Cm3Start.o
 .debug_info    0x000009be      0x3cf .\CortexM3\ARM_GCC_541\Debug\emFile_Example.a(LCD.o)
 .debug_info    0x00000d8d      0xe51 .\CortexM3\ARM_GCC_541\Debug\emFile_Example.a(CyLib.o)
 .debug_info    0x00001bde      0x57a .\CortexM3\ARM_GCC_541\Debug\emFile_Example.a(cyPm.o)
 .debug_info    0x00002158       0xa4 .\CortexM3\ARM_GCC_541\Debug\emFile_Example.a(CyBootAsmGnu.o)
 .debug_info    0x000021fc      0x371 .\CortexM3\ARM_GCC_541\Debug\emFile_Example.a(CyFlash.o)
 .debug_info    0x0000256d      0x45a .\CortexM3\ARM_GCC_541\Debug\emFile_Example.a(CySpc.o)
 .debug_info    0x000029c7      0x281 .\CortexM3\ARM_GCC_541\Debug\emFile_Example.a(emFile_ConfigMMC_SPI.o)
 .debug_info    0x00002c48      0x340 .\CortexM3\ARM_GCC_541\Debug\emFile_Example.a(emFile_MMC_HW_SPI.o)
 .debug_info    0x00002f88      0x3f4 .\CortexM3\ARM_GCC_541\Debug\emFile_Example.a(emFile_SPI0.o)
 .debug_info    0x0000337c      0x25d .\CortexM3\ARM_GCC_541\Debug\emFile_Example.a(emFile_Clock_1.o)
 .debug_info    0x000035d9      0x11e .\CortexM3\ARM_GCC_541\Debug\emFile_Example.a(emFile_SPI0_CS.o)

.debug_abbrev   0x00000000     0x1146
 *(.debug_abbrev)
 .debug_abbrev  0x00000000       0xf2 .\CortexM3\ARM_GCC_541\Debug\main.o
 .debug_abbrev  0x000000f2      0x183 .\CortexM3\ARM_GCC_541\Debug\cyfitter_cfg.o
 .debug_abbrev  0x00000275       0x77 .\CortexM3\ARM_GCC_541\Debug\cymetadata.o
 .debug_abbrev  0x000002ec      0x1d6 .\CortexM3\ARM_GCC_541\Debug\Cm3Start.o
 .debug_abbrev  0x000004c2      0x120 .\CortexM3\ARM_GCC_541\Debug\emFile_Example.a(LCD.o)
 .debug_abbrev  0x000005e2      0x217 .\CortexM3\ARM_GCC_541\Debug\emFile_Example.a(CyLib.o)
 .debug_abbrev  0x000007f9      0x161 .\CortexM3\ARM_GCC_541\Debug\emFile_Example.a(cyPm.o)
 .debug_abbrev  0x0000095a       0x14 .\CortexM3\ARM_GCC_541\Debug\emFile_Example.a(CyBootAsmGnu.o)
 .debug_abbrev  0x0000096e      0x13c .\CortexM3\ARM_GCC_541\Debug\emFile_Example.a(CyFlash.o)
 .debug_abbrev  0x00000aaa      0x16c .\CortexM3\ARM_GCC_541\Debug\emFile_Example.a(CySpc.o)
 .debug_abbrev  0x00000c16      0x101 .\CortexM3\ARM_GCC_541\Debug\emFile_Example.a(emFile_ConfigMMC_SPI.o)
 .debug_abbrev  0x00000d17      0x12c .\CortexM3\ARM_GCC_541\Debug\emFile_Example.a(emFile_MMC_HW_SPI.o)
 .debug_abbrev  0x00000e43      0x156 .\CortexM3\ARM_GCC_541\Debug\emFile_Example.a(emFile_SPI0.o)
 .debug_abbrev  0x00000f99      0x11d .\CortexM3\ARM_GCC_541\Debug\emFile_Example.a(emFile_Clock_1.o)
 .debug_abbrev  0x000010b6       0x90 .\CortexM3\ARM_GCC_541\Debug\emFile_Example.a(emFile_SPI0_CS.o)

.debug_line     0x00000000     0x21cb
 *(.debug_line)
 .debug_line    0x00000000      0x1ff .\CortexM3\ARM_GCC_541\Debug\main.o
 .debug_line    0x000001ff      0x234 .\CortexM3\ARM_GCC_541\Debug\cyfitter_cfg.o
 .debug_line    0x00000433      0x141 .\CortexM3\ARM_GCC_541\Debug\cymetadata.o
 .debug_line    0x00000574      0x1dc .\CortexM3\ARM_GCC_541\Debug\Cm3Start.o
 .debug_line    0x00000750      0x1e1 .\CortexM3\ARM_GCC_541\Debug\emFile_Example.a(LCD.o)
 .debug_line    0x00000931      0x883 .\CortexM3\ARM_GCC_541\Debug\emFile_Example.a(CyLib.o)
 .debug_line    0x000011b4      0x38e .\CortexM3\ARM_GCC_541\Debug\emFile_Example.a(cyPm.o)
 .debug_line    0x00001542       0x66 .\CortexM3\ARM_GCC_541\Debug\emFile_Example.a(CyBootAsmGnu.o)
 .debug_line    0x000015a8      0x205 .\CortexM3\ARM_GCC_541\Debug\emFile_Example.a(CyFlash.o)
 .debug_line    0x000017ad      0x212 .\CortexM3\ARM_GCC_541\Debug\emFile_Example.a(CySpc.o)
 .debug_line    0x000019bf       0xb5 .\CortexM3\ARM_GCC_541\Debug\emFile_Example.a(emFile_ConfigMMC_SPI.o)
 .debug_line    0x00001a74      0x2a5 .\CortexM3\ARM_GCC_541\Debug\emFile_Example.a(emFile_MMC_HW_SPI.o)
 .debug_line    0x00001d19      0x267 .\CortexM3\ARM_GCC_541\Debug\emFile_Example.a(emFile_SPI0.o)
 .debug_line    0x00001f80      0x1ad .\CortexM3\ARM_GCC_541\Debug\emFile_Example.a(emFile_Clock_1.o)
 .debug_line    0x0000212d       0x9e .\CortexM3\ARM_GCC_541\Debug\emFile_Example.a(emFile_SPI0_CS.o)

.debug_frame    0x00000000     0x25dc
 *(.debug_frame)
 .debug_frame   0x00000000       0x58 .\CortexM3\ARM_GCC_541\Debug\main.o
 .debug_frame   0x00000058      0x160 .\CortexM3\ARM_GCC_541\Debug\cyfitter_cfg.o
 .debug_frame   0x000001b8       0xd8 .\CortexM3\ARM_GCC_541\Debug\Cm3Start.o
 .debug_frame   0x00000290      0x260 .\CortexM3\ARM_GCC_541\Debug\emFile_Example.a(LCD.o)
 .debug_frame   0x000004f0      0xc0c .\CortexM3\ARM_GCC_541\Debug\emFile_Example.a(CyLib.o)
 .debug_frame   0x000010fc      0x234 .\CortexM3\ARM_GCC_541\Debug\emFile_Example.a(cyPm.o)
 .debug_frame   0x00001330      0x210 .\CortexM3\ARM_GCC_541\Debug\emFile_Example.a(CyFlash.o)
 .debug_frame   0x00001540      0x1f8 .\CortexM3\ARM_GCC_541\Debug\emFile_Example.a(CySpc.o)
 .debug_frame   0x00001738       0x54 .\CortexM3\ARM_GCC_541\Debug\emFile_Example.a(emFile_ConfigMMC_SPI.o)
 .debug_frame   0x0000178c      0x1a0 .\CortexM3\ARM_GCC_541\Debug\emFile_Example.a(emFile_MMC_HW_SPI.o)
 .debug_frame   0x0000192c      0x38c .\CortexM3\ARM_GCC_541\Debug\emFile_Example.a(emFile_SPI0.o)
 .debug_frame   0x00001cb8      0x1b4 .\CortexM3\ARM_GCC_541\Debug\emFile_Example.a(emFile_Clock_1.o)
 .debug_frame   0x00001e6c       0xa8 .\CortexM3\ARM_GCC_541\Debug\emFile_Example.a(emFile_SPI0_CS.o)
 .debug_frame   0x00001f14       0x20 c:/program files (x86)/cypress/psoc creator/4.2/psoc creator/import/gnu/arm/5.4.1/bin/../lib/gcc/arm-none-eabi/5.4.1/../../../../arm-none-eabi/lib/armv7-m\libg_nano.a(lib_a-errno.o)
 .debug_frame   0x00001f34       0x28 c:/program files (x86)/cypress/psoc creator/4.2/psoc creator/import/gnu/arm/5.4.1/bin/../lib/gcc/arm-none-eabi/5.4.1/../../../../arm-none-eabi/lib/armv7-m\libg_nano.a(lib_a-exit.o)
 .debug_frame   0x00001f5c       0x2c c:/program files (x86)/cypress/psoc creator/4.2/psoc creator/import/gnu/arm/5.4.1/bin/../lib/gcc/arm-none-eabi/5.4.1/../../../../arm-none-eabi/lib/armv7-m\libg_nano.a(lib_a-init.o)
 .debug_frame   0x00001f88       0x28 c:/program files (x86)/cypress/psoc creator/4.2/psoc creator/import/gnu/arm/5.4.1/bin/../lib/gcc/arm-none-eabi/5.4.1/../../../../arm-none-eabi/lib/armv7-m\libg_nano.a(lib_a-memcmp.o)
 .debug_frame   0x00001fb0       0x28 c:/program files (x86)/cypress/psoc creator/4.2/psoc creator/import/gnu/arm/5.4.1/bin/../lib/gcc/arm-none-eabi/5.4.1/../../../../arm-none-eabi/lib/armv7-m\libg_nano.a(lib_a-memcpy-stub.o)
 .debug_frame   0x00001fd8       0x20 c:/program files (x86)/cypress/psoc creator/4.2/psoc creator/import/gnu/arm/5.4.1/bin/../lib/gcc/arm-none-eabi/5.4.1/../../../../arm-none-eabi/lib/armv7-m\libg_nano.a(lib_a-memset.o)
 .debug_frame   0x00001ff8       0x8c c:/program files (x86)/cypress/psoc creator/4.2/psoc creator/import/gnu/arm/5.4.1/bin/../lib/gcc/arm-none-eabi/5.4.1/../../../../arm-none-eabi/lib/armv7-m\libg_nano.a(lib_a-nano-vfprintf_float.o)
 .debug_frame   0x00002084       0x60 c:/program files (x86)/cypress/psoc creator/4.2/psoc creator/import/gnu/arm/5.4.1/bin/../lib/gcc/arm-none-eabi/5.4.1/../../../../arm-none-eabi/lib/armv7-m\libg_nano.a(lib_a-nano-vfprintf_i.o)
 .debug_frame   0x000020e4       0x6c c:/program files (x86)/cypress/psoc creator/4.2/psoc creator/import/gnu/arm/5.4.1/bin/../lib/gcc/arm-none-eabi/5.4.1/../../../../arm-none-eabi/lib/armv7-m\libg_nano.a(lib_a-dtoa.o)
 .debug_frame   0x00002150       0x98 c:/program files (x86)/cypress/psoc creator/4.2/psoc creator/import/gnu/arm/5.4.1/bin/../lib/gcc/arm-none-eabi/5.4.1/../../../../arm-none-eabi/lib/armv7-m\libg_nano.a(lib_a-locale.o)
 .debug_frame   0x000021e8       0x30 c:/program files (x86)/cypress/psoc creator/4.2/psoc creator/import/gnu/arm/5.4.1/bin/../lib/gcc/arm-none-eabi/5.4.1/../../../../arm-none-eabi/lib/armv7-m\libg_nano.a(lib_a-malloc.o)
 .debug_frame   0x00002218       0x28 c:/program files (x86)/cypress/psoc creator/4.2/psoc creator/import/gnu/arm/5.4.1/bin/../lib/gcc/arm-none-eabi/5.4.1/../../../../arm-none-eabi/lib/armv7-m\libg_nano.a(lib_a-memchr-stub.o)
 .debug_frame   0x00002240      0x234 c:/program files (x86)/cypress/psoc creator/4.2/psoc creator/import/gnu/arm/5.4.1/bin/../lib/gcc/arm-none-eabi/5.4.1/../../../../arm-none-eabi/lib/armv7-m\libg_nano.a(lib_a-mprec.o)
 .debug_frame   0x00002474       0x2c c:/program files (x86)/cypress/psoc creator/4.2/psoc creator/import/gnu/arm/5.4.1/bin/../lib/gcc/arm-none-eabi/5.4.1/../../../../arm-none-eabi/lib/armv7-m\libg_nano.a(lib_a-nano-callocr.o)
 .debug_frame   0x000024a0       0x38 c:/program files (x86)/cypress/psoc creator/4.2/psoc creator/import/gnu/arm/5.4.1/bin/../lib/gcc/arm-none-eabi/5.4.1/../../../../arm-none-eabi/lib/armv7-m\libg_nano.a(lib_a-nano-freer.o)
 .debug_frame   0x000024d8       0x2c c:/program files (x86)/cypress/psoc creator/4.2/psoc creator/import/gnu/arm/5.4.1/bin/../lib/gcc/arm-none-eabi/5.4.1/../../../../arm-none-eabi/lib/armv7-m\libg_nano.a(lib_a-nano-mallocr.o)
 .debug_frame   0x00002504       0x2c c:/program files (x86)/cypress/psoc creator/4.2/psoc creator/import/gnu/arm/5.4.1/bin/../lib/gcc/arm-none-eabi/5.4.1/../../../../arm-none-eabi/lib/armv7-m\libg_nano.a(lib_a-sbrkr.o)
 .debug_frame   0x00002530       0x20 c:/program files (x86)/cypress/psoc creator/4.2/psoc creator/import/gnu/arm/5.4.1/bin/../lib/gcc/arm-none-eabi/5.4.1/../../../../arm-none-eabi/lib/armv7-m\libg_nano.a(lib_a-strcmp.o)
 .debug_frame   0x00002550       0x30 c:/program files (x86)/cypress/psoc creator/4.2/psoc creator/import/gnu/arm/5.4.1/bin/../lib/gcc/arm-none-eabi/5.4.1/../../../../arm-none-eabi/lib/armv7-m\libg_nano.a(lib_a-mlock.o)
 .debug_frame   0x00002580       0x5c c:/program files (x86)/cypress/psoc creator/4.2/psoc creator/import/gnu/arm/5.4.1/bin/../lib/gcc/arm-none-eabi/5.4.1/../../../../arm-none-eabi/lib/armv7-m\libg_nano.a(lib_a-reent.o)

.debug_str      0x00000000     0x1b9c
 *(.debug_str)
 .debug_str     0x00000000      0x1a6 .\CortexM3\ARM_GCC_541\Debug\main.o
                                0x1ee (size before relaxing)
 .debug_str     0x000001a6      0x1a2 .\CortexM3\ARM_GCC_541\Debug\cyfitter_cfg.o
                                0x33d (size before relaxing)
 .debug_str     0x00000348       0x7f .\CortexM3\ARM_GCC_541\Debug\cymetadata.o
                                0x1f8 (size before relaxing)
 .debug_str     0x000003c7      0x124 .\CortexM3\ARM_GCC_541\Debug\Cm3Start.o
                                0x2eb (size before relaxing)
 .debug_str     0x000004eb      0x17d .\CortexM3\ARM_GCC_541\Debug\emFile_Example.a(LCD.o)
                                0x32d (size before relaxing)
 .debug_str     0x00000668      0x7fd .\CortexM3\ARM_GCC_541\Debug\emFile_Example.a(CyLib.o)
                                0x9fe (size before relaxing)
 .debug_str     0x00000e65      0x371 .\CortexM3\ARM_GCC_541\Debug\emFile_Example.a(cyPm.o)
                                0x557 (size before relaxing)
 .debug_str     0x000011d6      0x145 .\CortexM3\ARM_GCC_541\Debug\emFile_Example.a(CyFlash.o)
                                0x30a (size before relaxing)
 .debug_str     0x0000131b      0x126 .\CortexM3\ARM_GCC_541\Debug\emFile_Example.a(CySpc.o)
                                0x307 (size before relaxing)
 .debug_str     0x00001441       0xdf .\CortexM3\ARM_GCC_541\Debug\emFile_Example.a(emFile_ConfigMMC_SPI.o)
                                0x262 (size before relaxing)
 .debug_str     0x00001520      0x153 .\CortexM3\ARM_GCC_541\Debug\emFile_Example.a(emFile_MMC_HW_SPI.o)
                                0x311 (size before relaxing)
 .debug_str     0x00001673      0x2e0 .\CortexM3\ARM_GCC_541\Debug\emFile_Example.a(emFile_SPI0.o)
                                0x490 (size before relaxing)
 .debug_str     0x00001953      0x1b6 .\CortexM3\ARM_GCC_541\Debug\emFile_Example.a(emFile_Clock_1.o)
                                0x356 (size before relaxing)
 .debug_str     0x00001b09       0x93 .\CortexM3\ARM_GCC_541\Debug\emFile_Example.a(emFile_SPI0_CS.o)
                                0x223 (size before relaxing)

.debug_loc
 *(.debug_loc)

.debug_macinfo
 *(.debug_macinfo)

.debug_ranges   0x00000000      0x6d8
 *(.debug_ranges)
 .debug_ranges  0x00000000       0x18 .\CortexM3\ARM_GCC_541\Debug\main.o
 .debug_ranges  0x00000018       0x50 .\CortexM3\ARM_GCC_541\Debug\cyfitter_cfg.o
 .debug_ranges  0x00000068       0x38 .\CortexM3\ARM_GCC_541\Debug\Cm3Start.o
 .debug_ranges  0x000000a0       0x88 .\CortexM3\ARM_GCC_541\Debug\emFile_Example.a(LCD.o)
 .debug_ranges  0x00000128      0x290 .\CortexM3\ARM_GCC_541\Debug\emFile_Example.a(CyLib.o)
 .debug_ranges  0x000003b8       0x88 .\CortexM3\ARM_GCC_541\Debug\emFile_Example.a(cyPm.o)
 .debug_ranges  0x00000440       0x70 .\CortexM3\ARM_GCC_541\Debug\emFile_Example.a(CyFlash.o)
 .debug_ranges  0x000004b0       0x68 .\CortexM3\ARM_GCC_541\Debug\emFile_Example.a(CySpc.o)
 .debug_ranges  0x00000518       0x18 .\CortexM3\ARM_GCC_541\Debug\emFile_Example.a(emFile_ConfigMMC_SPI.o)
 .debug_ranges  0x00000530       0x58 .\CortexM3\ARM_GCC_541\Debug\emFile_Example.a(emFile_MMC_HW_SPI.o)
 .debug_ranges  0x00000588       0xc8 .\CortexM3\ARM_GCC_541\Debug\emFile_Example.a(emFile_SPI0.o)
 .debug_ranges  0x00000650       0x60 .\CortexM3\ARM_GCC_541\Debug\emFile_Example.a(emFile_Clock_1.o)
 .debug_ranges  0x000006b0       0x28 .\CortexM3\ARM_GCC_541\Debug\emFile_Example.a(emFile_SPI0_CS.o)

.comment        0x00000000      0x5a3
 .comment       0x00000000       0x6e .\CortexM3\ARM_GCC_541\Debug\main.o
                                 0x6f (size before relaxing)
 .comment       0x0000006e       0x6f .\CortexM3\ARM_GCC_541\Debug\cyfitter_cfg.o
 .comment       0x0000006e       0x6f .\CortexM3\ARM_GCC_541\Debug\cymetadata.o
 .comment       0x0000006e       0x6f .\CortexM3\ARM_GCC_541\Debug\Cm3Start.o
 .comment       0x0000006e       0x6f .\CortexM3\ARM_GCC_541\Debug\emFile_Example.a(LCD.o)
 .comment       0x0000006e       0x6f .\CortexM3\ARM_GCC_541\Debug\emFile_Example.a(CyLib.o)
 .comment       0x0000006e       0x6f .\CortexM3\ARM_GCC_541\Debug\emFile_Example.a(cyPm.o)
 .comment       0x0000006e       0x6f .\CortexM3\ARM_GCC_541\Debug\emFile_Example.a(CyFlash.o)
 .comment       0x0000006e       0x6f .\CortexM3\ARM_GCC_541\Debug\emFile_Example.a(CySpc.o)
 .comment       0x0000006e       0x2b .\emFile_V322c\LinkLibrary\PSoC5\GCC\libemf32nosnlfn.a(FAT_FormatSD.o)
 .comment       0x00000099       0x2b .\emFile_V322c\LinkLibrary\PSoC5\GCC\libemf32nosnlfn.a(FAT_Misc.o)
 .comment       0x000000c4       0x2b .\emFile_V322c\LinkLibrary\PSoC5\GCC\libemf32nosnlfn.a(FAT_Open.o)
 .comment       0x000000ef       0x2b .\emFile_V322c\LinkLibrary\PSoC5\GCC\libemf32nosnlfn.a(FAT_Write.o)
 .comment       0x0000011a       0x2b .\emFile_V322c\LinkLibrary\PSoC5\GCC\libemf32nosnlfn.a(FS_CLib.o)
 .comment       0x00000145       0x2b .\emFile_V322c\LinkLibrary\PSoC5\GCC\libemf32nosnlfn.a(FS_CopyFile.o)
 .comment       0x00000170       0x2b .\emFile_V322c\LinkLibrary\PSoC5\GCC\libemf32nosnlfn.a(FS_Core.o)
 .comment       0x0000019b       0x2b .\emFile_V322c\LinkLibrary\PSoC5\GCC\libemf32nosnlfn.a(FS_Dir.o)
 .comment       0x000001c6       0x2b .\emFile_V322c\LinkLibrary\PSoC5\GCC\libemf32nosnlfn.a(FS_GetFileSize.o)
 .comment       0x000001f1       0x2b .\emFile_V322c\LinkLibrary\PSoC5\GCC\libemf32nosnlfn.a(FS_LogBlock.o)
 .comment       0x0000021c       0x2b .\emFile_V322c\LinkLibrary\PSoC5\GCC\libemf32nosnlfn.a(FS_memcpy.o)
 .comment       0x00000247       0x2b .\emFile_V322c\LinkLibrary\PSoC5\GCC\libemf32nosnlfn.a(FS_Misc.o)
 .comment       0x00000272       0x2b .\emFile_V322c\LinkLibrary\PSoC5\GCC\libemf32nosnlfn.a(FS_Read.o)
 .comment       0x0000029d       0x2b .\emFile_V322c\LinkLibrary\PSoC5\GCC\libemf32nosnlfn.a(FS_SetEndOfFile.o)
 .comment       0x000002c8       0x2b .\emFile_V322c\LinkLibrary\PSoC5\GCC\libemf32nosnlfn.a(FS_Storage.o)
 .comment       0x000002f3       0x2b .\emFile_V322c\LinkLibrary\PSoC5\GCC\libemf32nosnlfn.a(FS_Time.o)
 .comment       0x0000031e       0x2b .\emFile_V322c\LinkLibrary\PSoC5\GCC\libemf32nosnlfn.a(FS_Unmount.o)
 .comment       0x00000349       0x2b .\emFile_V322c\LinkLibrary\PSoC5\GCC\libemf32nosnlfn.a(FS_Volume.o)
 .comment       0x00000374       0x2b .\emFile_V322c\LinkLibrary\PSoC5\GCC\libemf32nosnlfn.a(FS_Write.o)
 .comment       0x0000039f       0x2b .\emFile_V322c\LinkLibrary\PSoC5\GCC\libemf32nosnlfn.a(FAT_CheckDisk.o)
 .comment       0x000003ca       0x2b .\emFile_V322c\LinkLibrary\PSoC5\GCC\libemf32nosnlfn.a(FAT_Dir.o)
 .comment       0x000003f5       0x2b .\emFile_V322c\LinkLibrary\PSoC5\GCC\libemf32nosnlfn.a(FAT_DirEntry.o)
 .comment       0x00000420       0x2b .\emFile_V322c\LinkLibrary\PSoC5\GCC\libemf32nosnlfn.a(FAT_DiskInfo.o)
 .comment       0x0000044b       0x2b .\emFile_V322c\LinkLibrary\PSoC5\GCC\libemf32nosnlfn.a(FAT_Format.o)
 .comment       0x00000476       0x2b .\emFile_V322c\LinkLibrary\PSoC5\GCC\libemf32nosnlfn.a(FAT_Read.o)
 .comment       0x000004a1       0x2b .\emFile_V322c\LinkLibrary\PSoC5\GCC\libemf32nosnlfn.a(FAT_SetEndOfFile.o)
 .comment       0x000004cc       0x2b .\emFile_V322c\LinkLibrary\PSoC5\GCC\libemf32nosnlfn.a(FAT_VolumeLabel.o)
 .comment       0x000004f7       0x2b .\emFile_V322c\LinkLibrary\PSoC5\GCC\libemf32nosnlfn.a(FS_Attrib.o)
 .comment       0x00000522       0x2b .\emFile_V322c\LinkLibrary\PSoC5\GCC\libemf32nosnlfn.a(FS_Partition.o)
 .comment       0x0000054d       0x6f .\CortexM3\ARM_GCC_541\Debug\emFile_Example.a(emFile_ConfigMMC_SPI.o)
 .comment       0x0000054d       0x2b .\emFile_V322c\LinkLibrary\PSoC5\GCC\libemf32nosnlfn.a(MMC_Drv.o)
 .comment       0x00000578       0x2b .\emFile_V322c\LinkLibrary\PSoC5\GCC\libemf32nosnlfn.a(FS_CRC16.o)
 .comment       0x000005a3       0x6f .\CortexM3\ARM_GCC_541\Debug\emFile_Example.a(emFile_MMC_HW_SPI.o)
 .comment       0x000005a3       0x6f .\CortexM3\ARM_GCC_541\Debug\emFile_Example.a(emFile_SPI0.o)
 .comment       0x000005a3       0x6f .\CortexM3\ARM_GCC_541\Debug\emFile_Example.a(emFile_Clock_1.o)
 .comment       0x000005a3       0x6f .\CortexM3\ARM_GCC_541\Debug\emFile_Example.a(emFile_SPI0_CS.o)

.debug_weaknames
 *(.debug_weaknames)

.debug_funcnames
 *(.debug_funcnames)

.debug_typenames
 *(.debug_typenames)

.debug_varnames
 *(.debug_varnames)

.note.gnu.arm.ident
 *(.note.gnu.arm.ident)

.ARM.attributes
                0x00000000       0x29
 *(.ARM.attributes)
 .ARM.attributes
                0x00000000       0x1d c:/program files (x86)/cypress/psoc creator/4.2/psoc creator/import/gnu/arm/5.4.1/bin/../lib/gcc/arm-none-eabi/5.4.1/armv7-m/crti.o
 .ARM.attributes
                0x0000001d       0x2d c:/program files (x86)/cypress/psoc creator/4.2/psoc creator/import/gnu/arm/5.4.1/bin/../lib/gcc/arm-none-eabi/5.4.1/armv7-m/crtbegin.o
 .ARM.attributes
                0x0000004a       0x1b c:/program files (x86)/cypress/psoc creator/4.2/psoc creator/import/gnu/arm/5.4.1/bin/../lib/gcc/arm-none-eabi/5.4.1/../../../../arm-none-eabi/lib/armv7-m/crt0.o
 .ARM.attributes
                0x00000065       0x33 .\CortexM3\ARM_GCC_541\Debug\main.o
 .ARM.attributes
                0x00000098       0x33 .\CortexM3\ARM_GCC_541\Debug\cyfitter_cfg.o
 .ARM.attributes
                0x000000cb       0x33 .\CortexM3\ARM_GCC_541\Debug\cymetadata.o
 .ARM.attributes
                0x000000fe       0x33 .\CortexM3\ARM_GCC_541\Debug\Cm3Start.o
 .ARM.attributes
                0x00000131       0x33 .\CortexM3\ARM_GCC_541\Debug\emFile_Example.a(LCD.o)
 .ARM.attributes
                0x00000164       0x33 .\CortexM3\ARM_GCC_541\Debug\emFile_Example.a(CyLib.o)
 .ARM.attributes
                0x00000197       0x33 .\CortexM3\ARM_GCC_541\Debug\emFile_Example.a(cyPm.o)
 .ARM.attributes
                0x000001ca       0x21 .\CortexM3\ARM_GCC_541\Debug\emFile_Example.a(CyBootAsmGnu.o)
 .ARM.attributes